ORBIO      ok
ASKR       ok
HH         ok
AXON       ok
ERHA       ok
WALLET     ok
RBD        ok
RHV        ok
BIDEN      ok
GIWA       ok
CGEQ       ok
DKILL      ok
U          ok
Agrippa    ok
ORDESK     ok
CEREBRO    ok
UBIK       ok
BUN        ok
HOODS      ok
ROO        ok
DEBT       ok
CPU        ok
POTATCHI   ok
SW         ok
zc         ok
HOODCATS   ok
FROGES     ok
CERTIC     ok
HYDX       ok
INU        ok
ZZZ        ok
ORDESK     ok
SCHIFFY    ok
WOOF       ok
HOODRAT    ok
WEN        ok
YOLO       ok
TAMPONS    ok
HOOKR      ok
POOLS      ok
TYGR       ok
worth      ok
wire       ok
JUGGERNAUT ok
INJOH      ok
POOH       ok
TA         ok
KITSU      ok
WOJAK      ok
HMM        ok
MANCER     ok
NASDANQ    ok
BAG        ok
MOONCOW    ok
CLOCKIN    ok
FLOPS      ok
WELOVECATS ok
FRIDAY     ok
RHPS       ok
SNOW       ok
TUX        ok
PEPE       ok
PEEPS      ok
Froggy     ok
PORK       ok
