head 74,858,851; 3,057 anchors held, 1 to fetch
3,058 anchors; worst error above block 4,000,000: 2s (below it: 0s, where the chain had not reached a steady block rate)
[14:11:30] build starting for WALLET (ETH $2,683.51)
[14:11:30] WALLET: transfers starting
head 74,858,872
transfers: scanning 74,852,267-74,858,872 (resuming)
  tr 100.0%  block 74,858,872  span 100,000  logs 130  1s
transfers: committed 74,852,267-74,858,872  +130 rows, 645,851 total
{
 "token": "0x0339f5459fc690ac85f1782e15782a151b4a9e1b",
 "transfers": {
  "ranges": [
   [
    1,
    74858872
   ]
  ],
  "rows": 645851
 },
 "swaps": {
  "ranges": [
   [
    1,
    74038513
   ]
  ],
  "pool": "0x9501a20bedb8bea0798fe5d4c411f5e270965d49",
  "protocol": "v3",
  "rows": 271175
 },
 "updated_at": "2026-09-28T14:11:37Z"
}
[14:11:37] WALLET: transfers DONE
[14:11:38] WALLET: pool 0x9501a20b (v3/WETH) resuming from 74,852,325
    0x9501a20b 100.0% block 74,858,942 logs 39 6s
[14:11:45] WALLET: pool 0x9501a20b DONE, 275,163 swaps
[14:11:45] WALLET: pool 0x89f2e48d (v4/USDG) resuming from 74,852,325
    0x89f2e48d 100.0% block 74,858,942 logs 13 0s
[14:11:45] WALLET: pool 0x89f2e48d DONE, 17,751 swaps
313,266 transactions moved this token
{
 "attributed": 248105,
 "attributed_multi_swap": 25060,
 "ambiguous_multi_swap": 5383,
 "no_transfers": 180,
 "no_counterparty": 14186
}
  attributed 93.3% of 292,914 swaps
  'recipient' matched the true holder on 33.2% of 273,165 comparable swaps
wrote /home/user/Public/data/tokens/0x0339f5459fc690ac85f1782e15782a151b4a9e1b/swaps_attributed.parquet
[14:11:54] WALLET: attributed DONE
292,914 trades -> /home/user/Public/data/tokens/0x0339f5459fc690ac85f1782e15782a151b4a9e1b/ledger.parquet
  19,749 (6.74%) had no attributed trader and carry a null
  32,772 distinct traders across the full history
  span 1,783,645,329 - 1,790,604,694
[14:12:00] WALLET: ledger DONE
[14:12:00] build finished
