head 75,776,250; 3,146 anchors held, 2 to fetch
3,148 anchors; worst error above block 4,000,000: 2s (below it: 0s, where the chain had not reached a steady block rate)
[15:49:16] build starting for WALLET (ETH $2,685.75)
[15:49:16] WALLET: transfers starting
head 75,776,279
transfers: scanning 75,763,622-75,776,279 (resuming)
  tr 100.0%  block 75,776,279  span 100,000  logs 198  0s
transfers: committed 75,763,622-75,776,279  +198 rows, 657,185 total
{
 "token": "0x0339f5459fc690ac85f1782e15782a151b4a9e1b",
 "transfers": {
  "ranges": [
   [
    1,
    75776279
   ]
  ],
  "rows": 657185
 },
 "swaps": {
  "ranges": [
   [
    1,
    74038513
   ]
  ],
  "pool": "0x9501a20bedb8bea0798fe5d4c411f5e270965d49",
  "protocol": "v3",
  "rows": 271175
 },
 "updated_at": "2026-09-29T15:49:30Z"
}
[15:49:30] WALLET: transfers DONE
[15:49:31] WALLET: pool 0x9501a20b (v3/WETH) resuming from 75,763,755
    0x9501a20b 100.0% block 75,776,416 logs 38 0s
[15:49:39] WALLET: pool 0x9501a20b DONE, 277,884 swaps
[15:49:39] WALLET: pool 0x89f2e48d (v4/USDG) resuming from 75,763,755
    0x89f2e48d 100.0% block 75,776,416 logs 10 1s
[15:49:40] WALLET: pool 0x89f2e48d DONE, 18,177 swaps
317,393 transactions moved this token
{
 "attributed": 250542,
 "attributed_multi_swap": 25548,
 "ambiguous_multi_swap": 5453,
 "no_transfers": 186,
 "no_counterparty": 14332
}
  attributed 93.3% of 296,061 swaps
  'recipient' matched the true holder on 33.0% of 276,090 comparable swaps
wrote /home/user/Public/data/tokens/0x0339f5459fc690ac85f1782e15782a151b4a9e1b/swaps_attributed.parquet
[15:49:50] WALLET: attributed DONE
296,061 trades -> /home/user/Public/data/tokens/0x0339f5459fc690ac85f1782e15782a151b4a9e1b/ledger.parquet
  19,971 (6.75%) had no attributed trader and carry a null
  33,130 distinct traders across the full history
  span 1,783,645,329 - 1,790,696,955
[15:49:57] WALLET: ledger DONE
[15:49:57] build finished
