head 75,316,326; 3,098 anchors held, 2 to fetch
3,100 anchors; worst error above block 4,000,000: 2s (below it: 0s, where the chain had not reached a steady block rate)
[02:57:19] build starting for WALLET (ETH $2,655.69)
[02:57:19] WALLET: transfers starting
head 75,316,351
transfers: scanning 75,288,612-75,316,351 (resuming)
  tr 100.0%  block 75,316,351  span 100,000  logs 264  0s
transfers: committed 75,288,612-75,316,351  +264 rows, 652,814 total
{
 "token": "0x0339f5459fc690ac85f1782e15782a151b4a9e1b",
 "transfers": {
  "ranges": [
   [
    1,
    75316351
   ]
  ],
  "rows": 652814
 },
 "swaps": {
  "ranges": [
   [
    1,
    74038513
   ]
  ],
  "pool": "0x9501a20bedb8bea0798fe5d4c411f5e270965d49",
  "protocol": "v3",
  "rows": 271175
 },
 "updated_at": "2026-09-29T02:57:29Z"
}
[02:57:29] WALLET: transfers DONE
[02:57:30] WALLET: pool 0x9501a20b (v3/WETH) resuming from 75,288,727
    0x9501a20b 100.0% block 75,316,457 logs 61 0s
[02:57:34] WALLET: pool 0x9501a20b DONE, 276,821 swaps
[02:57:34] WALLET: pool 0x89f2e48d (v4/USDG) resuming from 75,288,727
    0x89f2e48d 100.0% block 75,316,457 logs 7 0s
[02:57:34] WALLET: pool 0x89f2e48d DONE, 17,981 swaps
315,797 transactions moved this token
{
 "attributed": 249629,
 "attributed_multi_swap": 25289,
 "ambiguous_multi_swap": 5421,
 "no_transfers": 184,
 "no_counterparty": 14279
}
  attributed 93.3% of 294,802 swaps
  'recipient' matched the true holder on 33.1% of 274,918 comparable swaps
wrote /home/user/Public/data/tokens/0x0339f5459fc690ac85f1782e15782a151b4a9e1b/swaps_attributed.parquet
[02:57:44] WALLET: attributed DONE
294,802 trades -> /home/user/Public/data/tokens/0x0339f5459fc690ac85f1782e15782a151b4a9e1b/ledger.parquet
  19,884 (6.74%) had no attributed trader and carry a null
  33,029 distinct traders across the full history
  span 1,783,645,329 - 1,790,650,467
[02:57:51] WALLET: ledger DONE
[02:57:51] build finished
