head 77,827,703; 3,256 anchors held, 19 to fetch
3,275 anchors; worst error above block 4,000,000: 2s (below it: 0s, where the chain had not reached a steady block rate)
[01:08:13] build starting for WALLET (ETH $2,704.82)
[01:08:13] WALLET: transfers starting
head 77,827,764
transfers: scanning 77,377,744-77,827,764 (resuming)
  tr  22.2%  block 77,477,743  span 100,000  logs 804  1s
  tr  55.6%  block 77,627,743  span 150,000  logs 2,671  3s
  tr 100.0%  block 77,827,764  span 225,000  logs 4,732  4s
transfers: committed 77,377,744-77,827,764  +4,732 rows, 692,194 total
{
 "token": "0x0339f5459fc690ac85f1782e15782a151b4a9e1b",
 "transfers": {
  "ranges": [
   [
    1,
    77827764
   ]
  ],
  "rows": 692194
 },
 "swaps": {
  "ranges": [
   [
    1,
    74038513
   ]
  ],
  "pool": "0x9501a20bedb8bea0798fe5d4c411f5e270965d49",
  "protocol": "v3",
  "rows": 271175
 },
 "updated_at": "2026-10-02T01:08:33Z"
}
[01:08:33] WALLET: transfers DONE
[01:08:34] WALLET: pool 0x9501a20b (v3/WETH) resuming from 77,377,887
    0x9501a20b  22.2% block 77,477,886 logs 147 0s
    0x9501a20b  55.5% block 77,627,886 logs 572 0s
    0x9501a20b 100.0% block 77,827,956 logs 1,015 0s
[01:08:40] WALLET: pool 0x9501a20b DONE, 286,465 swaps
[01:08:40] WALLET: pool 0x89f2e48d (v4/USDG) resuming from 77,377,887
    0x89f2e48d  22.2% block 77,477,886 logs 18 0s
    0x89f2e48d  55.5% block 77,627,886 logs 110 0s
    0x89f2e48d 100.0% block 77,827,956 logs 187 0s
[01:08:40] WALLET: pool 0x89f2e48d DONE, 20,255 swaps
330,136 transactions moved this token
{
 "attributed": 257442,
 "attributed_multi_swap": 28312,
 "ambiguous_multi_swap": 5843,
 "no_transfers": 221,
 "no_counterparty": 14902
}
  attributed 93.2% of 306,720 swaps
  'recipient' matched the true holder on 32.6% of 285,754 comparable swaps
wrote /home/user/Public/data/tokens/0x0339f5459fc690ac85f1782e15782a151b4a9e1b/swaps_attributed.parquet
[01:08:51] WALLET: attributed DONE
306,720 trades -> /home/user/Public/data/tokens/0x0339f5459fc690ac85f1782e15782a151b4a9e1b/ledger.parquet
  20,966 (6.84%) had no attributed trader and carry a null
  33,841 distinct traders across the full history
  span 1,783,645,329 - 1,790,903,288
[01:09:00] WALLET: ledger DONE
[01:09:00] build finished
