head 76,041,791; 3,164 anchors held, 1 to fetch
3,165 anchors; worst error above block 4,000,000: 2s (below it: 0s, where the chain had not reached a steady block rate)
[23:13:14] build starting for WALLET (ETH $2,685.18)
[23:13:14] WALLET: transfers starting
head 76,041,832
transfers: scanning 76,031,509-76,041,832 (resuming)
  tr 100.0%  block 76,041,832  span 100,000  logs 639  0s
transfers: committed 76,031,509-76,041,832  +639 rows, 662,722 total
{
 "token": "0x0339f5459fc690ac85f1782e15782a151b4a9e1b",
 "transfers": {
  "ranges": [
   [
    1,
    76041832
   ]
  ],
  "rows": 662722
 },
 "swaps": {
  "ranges": [
   [
    1,
    74038513
   ]
  ],
  "pool": "0x9501a20bedb8bea0798fe5d4c411f5e270965d49",
  "protocol": "v3",
  "rows": 271175
 },
 "updated_at": "2026-09-29T23:13:27Z"
}
[23:13:27] WALLET: transfers DONE
[23:13:28] WALLET: pool 0x9501a20b (v3/WETH) resuming from 76,031,592
    0x9501a20b 100.0% block 76,041,973 logs 199 0s
[23:13:33] WALLET: pool 0x9501a20b DONE, 279,307 swaps
[23:13:33] WALLET: pool 0x89f2e48d (v4/USDG) resuming from 76,031,592
    0x89f2e48d 100.0% block 76,041,973 logs 71 0s
[23:13:33] WALLET: pool 0x89f2e48d DONE, 18,489 swaps
319,424 transactions moved this token
{
 "attributed": 251676,
 "attributed_multi_swap": 25965,
 "ambiguous_multi_swap": 5533,
 "no_transfers": 198,
 "no_counterparty": 14424
}
  attributed 93.2% of 297,796 swaps
  'recipient' matched the true holder on 32.9% of 277,641 comparable swaps
wrote /home/user/Public/data/tokens/0x0339f5459fc690ac85f1782e15782a151b4a9e1b/swaps_attributed.parquet
[23:13:44] WALLET: attributed DONE
297,796 trades -> /home/user/Public/data/tokens/0x0339f5459fc690ac85f1782e15782a151b4a9e1b/ledger.parquet
  20,155 (6.77%) had no attributed trader and carry a null
  33,253 distinct traders across the full history
  span 1,783,645,329 - 1,790,723,605
[23:13:53] WALLET: ledger DONE
[23:13:53] build finished
