head 74,898,506; 3,064 anchors held, 1 to fetch
3,065 anchors; worst error above block 4,000,000: 2s (below it: 0s, where the chain had not reached a steady block rate)
[15:17:27] build starting for WALLET (ETH $2,661.95)
[15:17:27] WALLET: transfers starting
head 74,898,529
transfers: scanning 74,888,915-74,898,529 (resuming)
  tr 100.0%  block 74,898,529  span 100,000  logs 122  0s
transfers: committed 74,888,915-74,898,529  +122 rows, 646,351 total
{
 "token": "0x0339f5459fc690ac85f1782e15782a151b4a9e1b",
 "transfers": {
  "ranges": [
   [
    1,
    74898529
   ]
  ],
  "rows": 646351
 },
 "swaps": {
  "ranges": [
   [
    1,
    74038513
   ]
  ],
  "pool": "0x9501a20bedb8bea0798fe5d4c411f5e270965d49",
  "protocol": "v3",
  "rows": 271175
 },
 "updated_at": "2026-09-28T15:17:34Z"
}
[15:17:34] WALLET: transfers DONE
[15:17:35] WALLET: pool 0x9501a20b (v3/WETH) resuming from 74,888,982
    0x9501a20b 100.0% block 74,898,602 logs 28 0s
[15:17:37] WALLET: pool 0x9501a20b DONE, 275,299 swaps
[15:17:37] WALLET: pool 0x89f2e48d (v4/USDG) resuming from 74,888,982
    0x89f2e48d 100.0% block 74,898,602 logs 5 0s
[15:17:37] WALLET: pool 0x89f2e48d DONE, 17,770 swaps
313,445 transactions moved this token
{
 "attributed": 248223,
 "attributed_multi_swap": 25085,
 "ambiguous_multi_swap": 5387,
 "no_transfers": 178,
 "no_counterparty": 14196
}
  attributed 93.3% of 293,069 swaps
  'recipient' matched the true holder on 33.2% of 273,308 comparable swaps
wrote /home/user/Public/data/tokens/0x0339f5459fc690ac85f1782e15782a151b4a9e1b/swaps_attributed.parquet
[15:17:45] WALLET: attributed DONE
293,069 trades -> /home/user/Public/data/tokens/0x0339f5459fc690ac85f1782e15782a151b4a9e1b/ledger.parquet
  19,761 (6.74%) had no attributed trader and carry a null
  32,787 distinct traders across the full history
  span 1,783,645,329 - 1,790,608,611
[15:17:51] WALLET: ledger DONE
[15:17:51] build finished
