head 76,167,285; 3,180 anchors held, 3 to fetch
3,183 anchors; worst error above block 4,000,000: 2s (below it: 0s, where the chain had not reached a steady block rate)
[02:43:13] build starting for WALLET (ETH $2,670.35)
[02:43:13] WALLET: transfers starting
head 76,167,310
transfers: scanning 76,115,484-76,167,310 (resuming)
  tr 100.0%  block 76,167,310  span 100,000  logs 862  0s
transfers: committed 76,115,484-76,167,310  +862 rows, 668,824 total
{
 "token": "0x0339f5459fc690ac85f1782e15782a151b4a9e1b",
 "transfers": {
  "ranges": [
   [
    1,
    76167310
   ]
  ],
  "rows": 668824
 },
 "swaps": {
  "ranges": [
   [
    1,
    74038513
   ]
  ],
  "pool": "0x9501a20bedb8bea0798fe5d4c411f5e270965d49",
  "protocol": "v3",
  "rows": 271175
 },
 "updated_at": "2026-09-30T02:43:23Z"
}
[02:43:24] WALLET: transfers DONE
[02:43:25] WALLET: pool 0x9501a20b (v3/WETH) resuming from 76,115,586
    0x9501a20b 100.0% block 76,167,413 logs 186 0s
[02:43:29] WALLET: pool 0x9501a20b DONE, 281,086 swaps
[02:43:29] WALLET: pool 0x89f2e48d (v4/USDG) resuming from 76,115,586
    0x89f2e48d 100.0% block 76,167,413 logs 76 0s
[02:43:29] WALLET: pool 0x89f2e48d DONE, 19,028 swaps
321,815 transactions moved this token
{
 "attributed": 253177,
 "attributed_multi_swap": 26515,
 "ambiguous_multi_swap": 5666,
 "no_transfers": 201,
 "no_counterparty": 14555
}
  attributed 93.2% of 300,114 swaps
  'recipient' matched the true holder on 32.9% of 279,692 comparable swaps
wrote /home/user/Public/data/tokens/0x0339f5459fc690ac85f1782e15782a151b4a9e1b/swaps_attributed.parquet
[02:43:38] WALLET: attributed DONE
300,114 trades -> /home/user/Public/data/tokens/0x0339f5459fc690ac85f1782e15782a151b4a9e1b/ledger.parquet
  20,422 (6.80%) had no attributed trader and carry a null
  33,386 distinct traders across the full history
  span 1,783,645,329 - 1,790,736,165
[02:43:44] WALLET: ledger DONE
[02:43:44] build finished
