head 76,073,328; 3,175 anchors held, 1 to fetch
3,176 anchors; worst error above block 4,000,000: 2s (below it: 0s, where the chain had not reached a steady block rate)
[00:05:54] build starting for WALLET (ETH $2,676.40)
[00:05:54] WALLET: transfers starting
head 76,073,354
transfers: scanning 76,058,318-76,073,354 (resuming)
  tr 100.0%  block 76,073,354  span 100,000  logs 1,994  0s
transfers: committed 76,058,318-76,073,354  +1,994 rows, 666,150 total
{
 "token": "0x0339f5459fc690ac85f1782e15782a151b4a9e1b",
 "transfers": {
  "ranges": [
   [
    1,
    76073354
   ]
  ],
  "rows": 666150
 },
 "swaps": {
  "ranges": [
   [
    1,
    74038513
   ]
  ],
  "pool": "0x9501a20bedb8bea0798fe5d4c411f5e270965d49",
  "protocol": "v3",
  "rows": 271175
 },
 "updated_at": "2026-09-30T00:06:07Z"
}
[00:06:07] WALLET: transfers DONE
[00:06:08] WALLET: pool 0x9501a20b (v3/WETH) resuming from 76,058,464
    0x9501a20b 100.0% block 76,073,484 logs 659 0s
[00:06:13] WALLET: pool 0x9501a20b DONE, 280,511 swaps
[00:06:13] WALLET: pool 0x89f2e48d (v4/USDG) resuming from 76,058,464
    0x89f2e48d 100.0% block 76,073,484 logs 193 1s
[00:06:15] WALLET: pool 0x89f2e48d DONE, 18,830 swaps
320,903 transactions moved this token
{
 "attributed": 252652,
 "attributed_multi_swap": 26321,
 "ambiguous_multi_swap": 5638,
 "no_transfers": 201,
 "no_counterparty": 14529
}
  attributed 93.2% of 299,341 swaps
  'recipient' matched the true holder on 32.9% of 278,973 comparable swaps
wrote /home/user/Public/data/tokens/0x0339f5459fc690ac85f1782e15782a151b4a9e1b/swaps_attributed.parquet
[00:06:25] WALLET: attributed DONE
299,341 trades -> /home/user/Public/data/tokens/0x0339f5459fc690ac85f1782e15782a151b4a9e1b/ledger.parquet
  20,368 (6.80%) had no attributed trader and carry a null
  33,316 distinct traders across the full history
  span 1,783,645,329 - 1,790,726,765
[00:06:33] WALLET: ledger DONE
[00:06:33] build finished
