head 75,784,278; 3,149 anchors held, 1 to fetch
3,150 anchors; worst error above block 4,000,000: 2s (below it: 0s, where the chain had not reached a steady block rate)
[16:02:42] build starting for WALLET (ETH $2,674.88)
[16:02:42] WALLET: transfers starting
head 75,784,300
transfers: scanning 75,777,511-75,784,300 (resuming)
  tr 100.0%  block 75,784,300  span 100,000  logs 114  0s
transfers: committed 75,777,511-75,784,300  +114 rows, 657,310 total
{
 "token": "0x0339f5459fc690ac85f1782e15782a151b4a9e1b",
 "transfers": {
  "ranges": [
   [
    1,
    75784300
   ]
  ],
  "rows": 657310
 },
 "swaps": {
  "ranges": [
   [
    1,
    74038513
   ]
  ],
  "pool": "0x9501a20bedb8bea0798fe5d4c411f5e270965d49",
  "protocol": "v3",
  "rows": 271175
 },
 "updated_at": "2026-09-29T16:02:51Z"
}
[16:02:51] WALLET: transfers DONE
[16:02:52] WALLET: pool 0x9501a20b (v3/WETH) resuming from 75,777,651
    0x9501a20b 100.0% block 75,784,383 logs 37 0s
[16:02:54] WALLET: pool 0x9501a20b DONE, 277,926 swaps
[16:02:54] WALLET: pool 0x89f2e48d (v4/USDG) resuming from 75,777,651
    0x89f2e48d 100.0% block 75,784,383 logs 6 0s
[16:02:55] WALLET: pool 0x89f2e48d DONE, 18,184 swaps
317,448 transactions moved this token
{
 "attributed": 250582,
 "attributed_multi_swap": 25554,
 "ambiguous_multi_swap": 5455,
 "no_transfers": 186,
 "no_counterparty": 14333
}
  attributed 93.3% of 296,110 swaps
  'recipient' matched the true holder on 33.0% of 276,136 comparable swaps
wrote /home/user/Public/data/tokens/0x0339f5459fc690ac85f1782e15782a151b4a9e1b/swaps_attributed.parquet
[16:03:05] WALLET: attributed DONE
296,110 trades -> /home/user/Public/data/tokens/0x0339f5459fc690ac85f1782e15782a151b4a9e1b/ledger.parquet
  19,974 (6.75%) had no attributed trader and carry a null
  33,141 distinct traders across the full history
  span 1,783,645,329 - 1,790,697,748
[16:03:13] WALLET: ledger DONE
[16:03:13] build finished
