head 75,409,033; 3,111 anchors held, 2 to fetch
3,113 anchors; worst error above block 4,000,000: 2s (below it: 0s, where the chain had not reached a steady block rate)
[05:33:01] build starting for WALLET (ETH $2,665.38)
[05:33:01] WALLET: transfers starting
head 75,409,058
transfers: scanning 75,391,712-75,409,058 (resuming)
  tr 100.0%  block 75,409,058  span 100,000  logs 284  0s
transfers: committed 75,391,712-75,409,058  +284 rows, 654,127 total
{
 "token": "0x0339f5459fc690ac85f1782e15782a151b4a9e1b",
 "transfers": {
  "ranges": [
   [
    1,
    75409058
   ]
  ],
  "rows": 654127
 },
 "swaps": {
  "ranges": [
   [
    1,
    74038513
   ]
  ],
  "pool": "0x9501a20bedb8bea0798fe5d4c411f5e270965d49",
  "protocol": "v3",
  "rows": 271175
 },
 "updated_at": "2026-09-29T05:33:13Z"
}
[05:33:13] WALLET: transfers DONE
[05:33:14] WALLET: pool 0x9501a20b (v3/WETH) resuming from 75,391,832
    0x9501a20b 100.0% block 75,409,178 logs 62 0s
[05:33:19] WALLET: pool 0x9501a20b DONE, 277,139 swaps
[05:33:19] WALLET: pool 0x89f2e48d (v4/USDG) resuming from 75,391,832
    0x89f2e48d 100.0% block 75,409,178 logs 22 0s
[05:33:19] WALLET: pool 0x89f2e48d DONE, 18,034 swaps
316,274 transactions moved this token
{
 "attributed": 249878,
 "attributed_multi_swap": 25373,
 "ambiguous_multi_swap": 5429,
 "no_transfers": 186,
 "no_counterparty": 14307
}
  attributed 93.3% of 295,173 swaps
  'recipient' matched the true holder on 33.1% of 275,251 comparable swaps
wrote /home/user/Public/data/tokens/0x0339f5459fc690ac85f1782e15782a151b4a9e1b/swaps_attributed.parquet
[05:33:28] WALLET: attributed DONE
295,173 trades -> /home/user/Public/data/tokens/0x0339f5459fc690ac85f1782e15782a151b4a9e1b/ledger.parquet
  19,922 (6.75%) had no attributed trader and carry a null
  33,050 distinct traders across the full history
  span 1,783,645,329 - 1,790,659,988
[05:33:34] WALLET: ledger DONE
[05:33:34] build finished
