head 76,083,095; 3,176 anchors held, 2 to fetch
3,178 anchors; worst error above block 4,000,000: 2s (below it: 0s, where the chain had not reached a steady block rate)
[00:22:13] build starting for WALLET (ETH $2,667.44)
[00:22:13] WALLET: transfers starting
head 76,083,274
transfers: scanning 76,068,355-76,083,274 (resuming)
  tr 100.0%  block 76,083,274  span 100,000  logs 1,049  0s
transfers: committed 76,068,355-76,083,274  +1,049 rows, 666,737 total
{
 "token": "0x0339f5459fc690ac85f1782e15782a151b4a9e1b",
 "transfers": {
  "ranges": [
   [
    1,
    76083274
   ]
  ],
  "rows": 666737
 },
 "swaps": {
  "ranges": [
   [
    1,
    74038513
   ]
  ],
  "pool": "0x9501a20bedb8bea0798fe5d4c411f5e270965d49",
  "protocol": "v3",
  "rows": 271175
 },
 "updated_at": "2026-09-30T00:22:43Z"
}
[00:22:43] WALLET: transfers DONE
[00:22:44] WALLET: pool 0x9501a20b (v3/WETH) resuming from 76,068,485
    0x9501a20b 100.0% block 76,083,415 logs 251 0s
[00:22:50] WALLET: pool 0x9501a20b DONE, 280,648 swaps
[00:22:50] WALLET: pool 0x89f2e48d (v4/USDG) resuming from 76,068,485
    0x89f2e48d 100.0% block 76,083,415 logs 81 0s
[00:22:51] WALLET: pool 0x89f2e48d DONE, 18,868 swaps
321,111 transactions moved this token
{
 "attributed": 252765,
 "attributed_multi_swap": 26369,
 "ambiguous_multi_swap": 5644,
 "no_transfers": 203,
 "no_counterparty": 14535
}
  attributed 93.2% of 299,516 swaps
  'recipient' matched the true holder on 32.9% of 279,134 comparable swaps
wrote /home/user/Public/data/tokens/0x0339f5459fc690ac85f1782e15782a151b4a9e1b/swaps_attributed.parquet
[00:22:59] WALLET: attributed DONE
299,516 trades -> /home/user/Public/data/tokens/0x0339f5459fc690ac85f1782e15782a151b4a9e1b/ledger.parquet
  20,382 (6.80%) had no attributed trader and carry a null
  33,326 distinct traders across the full history
  span 1,783,645,329 - 1,790,727,756
[00:23:05] WALLET: ledger DONE
[00:23:05] build finished
