head 75,596,506; 3,126 anchors held, 1 to fetch
3,127 anchors; worst error above block 4,000,000: 2s (below it: 0s, where the chain had not reached a steady block rate)
[10:48:13] build starting for WALLET (ETH $2,710.03)
[10:48:13] WALLET: transfers starting
head 75,596,530
transfers: scanning 75,585,263-75,596,530 (resuming)
  tr 100.0%  block 75,596,530  span 100,000  logs 52  0s
transfers: committed 75,585,263-75,596,530  +52 rows, 655,463 total
{
 "token": "0x0339f5459fc690ac85f1782e15782a151b4a9e1b",
 "transfers": {
  "ranges": [
   [
    1,
    75596530
   ]
  ],
  "rows": 655463
 },
 "swaps": {
  "ranges": [
   [
    1,
    74038513
   ]
  ],
  "pool": "0x9501a20bedb8bea0798fe5d4c411f5e270965d49",
  "protocol": "v3",
  "rows": 271175
 },
 "updated_at": "2026-09-29T10:48:22Z"
}
[10:48:22] WALLET: transfers DONE
[10:48:23] WALLET: pool 0x9501a20b (v3/WETH) resuming from 75,585,407
    0x9501a20b 100.0% block 75,596,615 logs 18 0s
[10:48:25] WALLET: pool 0x9501a20b DONE, 277,491 swaps
[10:48:25] WALLET: pool 0x89f2e48d (v4/USDG) resuming from 75,585,407
    0x89f2e48d 100.0% block 75,596,615 logs 0 0s
[10:48:25] WALLET: pool 0x89f2e48d DONE, 18,066 swaps
316,765 transactions moved this token
{
 "attributed": 250211,
 "attributed_multi_swap": 25415,
 "ambiguous_multi_swap": 5435,
 "no_transfers": 185,
 "no_counterparty": 14311
}
  attributed 93.3% of 295,557 swaps
  'recipient' matched the true holder on 33.0% of 275,626 comparable swaps
wrote /home/user/Public/data/tokens/0x0339f5459fc690ac85f1782e15782a151b4a9e1b/swaps_attributed.parquet
[10:48:36] WALLET: attributed DONE
295,557 trades -> /home/user/Public/data/tokens/0x0339f5459fc690ac85f1782e15782a151b4a9e1b/ledger.parquet
  19,931 (6.74%) had no attributed trader and carry a null
  33,087 distinct traders across the full history
  span 1,783,645,329 - 1,790,678,801
[10:48:41] WALLET: ledger DONE
[10:48:41] build finished
