head 74,834,173; 3,048 anchors held, 1 to fetch
3,049 anchors; worst error above block 4,000,000: 2s (below it: 0s, where the chain had not reached a steady block rate)
[13:30:24] build starting for WALLET (ETH $2,688.80)
[13:30:24] WALLET: transfers starting
head 74,834,230
transfers: scanning 74,787,591-74,834,230 (resuming)
  tr 100.0%  block 74,834,230  span 100,000  logs 405  14s
transfers: committed 74,787,591-74,834,230  +405 rows, 645,513 total
{
 "token": "0x0339f5459fc690ac85f1782e15782a151b4a9e1b",
 "transfers": {
  "ranges": [
   [
    1,
    74834230
   ]
  ],
  "rows": 645513
 },
 "swaps": {
  "ranges": [
   [
    1,
    74038513
   ]
  ],
  "pool": "0x9501a20bedb8bea0798fe5d4c411f5e270965d49",
  "protocol": "v3",
  "rows": 271175
 },
 "updated_at": "2026-09-28T13:30:50Z"
}
[13:30:51] WALLET: transfers DONE
[13:30:52] WALLET: pool 0x9501a20b (v3/WETH) resuming from 74,787,683
    0x9501a20b 100.0% block 74,834,527 logs 124 0s
[13:30:56] WALLET: pool 0x9501a20b DONE, 275,072 swaps
[13:30:56] WALLET: pool 0x89f2e48d (v4/USDG) resuming from 74,787,683
    0x89f2e48d 100.0% block 74,834,527 logs 11 7s
[13:31:04] WALLET: pool 0x89f2e48d DONE, 17,712 swaps
313,132 transactions moved this token
{
 "attributed": 248028,
 "attributed_multi_swap": 25016,
 "ambiguous_multi_swap": 5379,
 "no_transfers": 178,
 "no_counterparty": 14183
}
  attributed 93.3% of 292,784 swaps
  'recipient' matched the true holder on 33.2% of 273,044 comparable swaps
wrote /home/user/Public/data/tokens/0x0339f5459fc690ac85f1782e15782a151b4a9e1b/swaps_attributed.parquet
[13:31:15] WALLET: attributed DONE
292,784 trades -> /home/user/Public/data/tokens/0x0339f5459fc690ac85f1782e15782a151b4a9e1b/ledger.parquet
  19,740 (6.74%) had no attributed trader and carry a null
  32,758 distinct traders across the full history
  span 1,783,645,329 - 1,790,602,188
[13:31:23] WALLET: ledger DONE
[13:31:23] build finished
