head 75,699,043; 3,139 anchors held, 1 to fetch
3,140 anchors; worst error above block 4,000,000: 2s (below it: 0s, where the chain had not reached a steady block rate)
[13:40:14] build starting for WALLET (ETH $2,728.49)
[13:40:14] WALLET: transfers starting
head 75,699,069
transfers: scanning 75,683,242-75,699,069 (resuming)
  tr 100.0%  block 75,699,069  span 100,000  logs 128  0s
transfers: committed 75,683,242-75,699,069  +128 rows, 656,274 total
{
 "token": "0x0339f5459fc690ac85f1782e15782a151b4a9e1b",
 "transfers": {
  "ranges": [
   [
    1,
    75699069
   ]
  ],
  "rows": 656274
 },
 "swaps": {
  "ranges": [
   [
    1,
    74038513
   ]
  ],
  "pool": "0x9501a20bedb8bea0798fe5d4c411f5e270965d49",
  "protocol": "v3",
  "rows": 271175
 },
 "updated_at": "2026-09-29T13:40:19Z"
}
[13:40:19] WALLET: transfers DONE
[13:40:21] WALLET: pool 0x9501a20b (v3/WETH) resuming from 75,683,302
    0x9501a20b 100.0% block 75,699,129 logs 38 0s
[13:40:22] WALLET: pool 0x9501a20b DONE, 277,701 swaps
[13:40:22] WALLET: pool 0x89f2e48d (v4/USDG) resuming from 75,683,302
    0x89f2e48d 100.0% block 75,699,129 logs 5 0s
[13:40:23] WALLET: pool 0x89f2e48d DONE, 18,095 swaps
317,087 transactions moved this token
{
 "attributed": 250398,
 "attributed_multi_swap": 25451,
 "ambiguous_multi_swap": 5441,
 "no_transfers": 186,
 "no_counterparty": 14320
}
  attributed 93.3% of 295,796 swaps
  'recipient' matched the true holder on 33.0% of 275,849 comparable swaps
wrote /home/user/Public/data/tokens/0x0339f5459fc690ac85f1782e15782a151b4a9e1b/swaps_attributed.parquet
[13:40:30] WALLET: attributed DONE
295,796 trades -> /home/user/Public/data/tokens/0x0339f5459fc690ac85f1782e15782a151b4a9e1b/ledger.parquet
  19,947 (6.74%) had no attributed trader and carry a null
  33,103 distinct traders across the full history
  span 1,783,645,329 - 1,790,689,172
[13:40:37] WALLET: ledger DONE
[13:40:38] build finished
