head 74,670,816; 3,017 anchors held, 1 to fetch
3,018 anchors; worst error above block 4,000,000: 2s (below it: 0s, where the chain had not reached a steady block rate)
[08:56:27] build starting for WALLET (ETH $2,649.65)
[08:56:27] WALLET: transfers starting
head 74,670,831
transfers: scanning 74,614,769-74,670,831 (resuming)
  tr 100.0%  block 74,670,831  span 100,000  logs 553  0s
transfers: committed 74,614,769-74,670,831  +553 rows, 643,814 total
{
 "token": "0x0339f5459fc690ac85f1782e15782a151b4a9e1b",
 "transfers": {
  "ranges": [
   [
    1,
    74670831
   ]
  ],
  "rows": 643814
 },
 "swaps": {
  "ranges": [
   [
    1,
    74038513
   ]
  ],
  "pool": "0x9501a20bedb8bea0798fe5d4c411f5e270965d49",
  "protocol": "v3",
  "rows": 271175
 },
 "updated_at": "2026-09-28T08:56:38Z"
}
[08:56:39] WALLET: transfers DONE
[08:56:40] WALLET: pool 0x9501a20b (v3/WETH) resuming from 74,614,891
    0x9501a20b 100.0% block 74,670,951 logs 154 0s
[08:56:44] WALLET: pool 0x9501a20b DONE, 274,610 swaps
[08:56:44] WALLET: pool 0x89f2e48d (v4/USDG) resuming from 74,614,891
    0x89f2e48d 100.0% block 74,670,951 logs 25 0s
[08:56:44] WALLET: pool 0x89f2e48d DONE, 17,631 swaps
312,468 transactions moved this token
{
 "attributed": 247604,
 "attributed_multi_swap": 24935,
 "ambiguous_multi_swap": 5371,
 "no_transfers": 180,
 "no_counterparty": 14151
}
  attributed 93.3% of 292,241 swaps
  'recipient' matched the true holder on 33.2% of 272,539 comparable swaps
wrote /home/user/Public/data/tokens/0x0339f5459fc690ac85f1782e15782a151b4a9e1b/swaps_attributed.parquet
[08:56:52] WALLET: attributed DONE
292,241 trades -> /home/user/Public/data/tokens/0x0339f5459fc690ac85f1782e15782a151b4a9e1b/ledger.parquet
  19,702 (6.74%) had no attributed trader and carry a null
  32,666 distinct traders across the full history
  span 1,783,645,329 - 1,790,585,793
[08:56:57] WALLET: ledger DONE
[08:56:57] build finished
