head 76,050,791; 3,167 anchors held, 2 to fetch
3,169 anchors; worst error above block 4,000,000: 2s (below it: 0s, where the chain had not reached a steady block rate)
[23:28:15] build starting for WALLET (ETH $2,681.53)
[23:28:15] WALLET: transfers starting
head 76,050,813
transfers: scanning 76,043,511-76,050,813 (resuming)
  tr 100.0%  block 76,050,813  span 100,000  logs 347  0s
transfers: committed 76,043,511-76,050,813  +347 rows, 663,205 total
{
 "token": "0x0339f5459fc690ac85f1782e15782a151b4a9e1b",
 "transfers": {
  "ranges": [
   [
    1,
    76050813
   ]
  ],
  "rows": 663205
 },
 "swaps": {
  "ranges": [
   [
    1,
    74038513
   ]
  ],
  "pool": "0x9501a20bedb8bea0798fe5d4c411f5e270965d49",
  "protocol": "v3",
  "rows": 271175
 },
 "updated_at": "2026-09-29T23:28:23Z"
}
[23:28:23] WALLET: transfers DONE
[23:28:24] WALLET: pool 0x9501a20b (v3/WETH) resuming from 76,043,653
    0x9501a20b 100.0% block 76,050,900 logs 112 5s
[23:28:31] WALLET: pool 0x9501a20b DONE, 279,457 swaps
[23:28:31] WALLET: pool 0x89f2e48d (v4/USDG) resuming from 76,043,653
    0x89f2e48d 100.0% block 76,050,900 logs 15 0s
[23:28:32] WALLET: pool 0x89f2e48d DONE, 18,514 swaps
319,619 transactions moved this token
{
 "attributed": 251780,
 "attributed_multi_swap": 25994,
 "ambiguous_multi_swap": 5537,
 "no_transfers": 191,
 "no_counterparty": 14469
}
  attributed 93.2% of 297,971 swaps
  'recipient' matched the true holder on 32.9% of 277,774 comparable swaps
wrote /home/user/Public/data/tokens/0x0339f5459fc690ac85f1782e15782a151b4a9e1b/swaps_attributed.parquet
[23:28:42] WALLET: attributed DONE
297,971 trades -> /home/user/Public/data/tokens/0x0339f5459fc690ac85f1782e15782a151b4a9e1b/ledger.parquet
  20,197 (6.78%) had no attributed trader and carry a null
  33,260 distinct traders across the full history
  span 1,783,645,329 - 1,790,724,494
[23:28:50] WALLET: ledger DONE
[23:28:50] build finished
