head 76,609,615; 3,214 anchors held, 2 to fetch
3,216 anchors; worst error above block 4,000,000: 2s (below it: 0s, where the chain had not reached a steady block rate)
[15:06:11] build starting for WALLET (ETH $2,680.36)
[15:06:11] WALLET: transfers starting
head 76,609,640
transfers: scanning 76,584,154-76,609,640 (resuming)
  tr 100.0%  block 76,609,640  span 100,000  logs 980  0s
transfers: committed 76,584,154-76,609,640  +980 rows, 675,610 total
{
 "token": "0x0339f5459fc690ac85f1782e15782a151b4a9e1b",
 "transfers": {
  "ranges": [
   [
    1,
    76609640
   ]
  ],
  "rows": 675610
 },
 "swaps": {
  "ranges": [
   [
    1,
    74038513
   ]
  ],
  "pool": "0x9501a20bedb8bea0798fe5d4c411f5e270965d49",
  "protocol": "v3",
  "rows": 271175
 },
 "updated_at": "2026-09-30T15:06:26Z"
}
[15:06:26] WALLET: transfers DONE
[15:06:27] WALLET: pool 0x9501a20b (v3/WETH) resuming from 76,584,301
    0x9501a20b 100.0% block 76,609,810 logs 176 0s
[15:06:32] WALLET: pool 0x9501a20b DONE, 282,703 swaps
[15:06:32] WALLET: pool 0x89f2e48d (v4/USDG) resuming from 76,584,301
    0x89f2e48d 100.0% block 76,609,810 logs 63 0s
[15:06:33] WALLET: pool 0x89f2e48d DONE, 19,469 swaps
324,197 transactions moved this token
{
 "attributed": 254450,
 "attributed_multi_swap": 27157,
 "ambiguous_multi_swap": 5720,
 "no_transfers": 210,
 "no_counterparty": 14635
}
  attributed 93.2% of 302,172 swaps
  'recipient' matched the true holder on 32.8% of 281,607 comparable swaps
wrote /home/user/Public/data/tokens/0x0339f5459fc690ac85f1782e15782a151b4a9e1b/swaps_attributed.parquet
[15:06:44] WALLET: attributed DONE
302,172 trades -> /home/user/Public/data/tokens/0x0339f5459fc690ac85f1782e15782a151b4a9e1b/ledger.parquet
  20,565 (6.81%) had no attributed trader and carry a null
  33,507 distinct traders across the full history
  span 1,783,645,329 - 1,790,780,786
[15:06:54] WALLET: ledger DONE
[15:06:54] build finished
