head 74,466,559; 2,988 anchors held, 3 to fetch
2,991 anchors; worst error above block 4,000,000: 2s (below it: 0s, where the chain had not reached a steady block rate)
[03:13:45] build starting for WALLET (ETH $2,653.67)
[03:13:45] WALLET: transfers starting
head 74,466,585
transfers: scanning 74,400,841-74,466,585 (resuming)
  tr 100.0%  block 74,466,585  span 100,000  logs 1,491  5s
transfers: committed 74,400,841-74,466,585  +1,491 rows, 640,441 total
{
 "token": "0x0339f5459fc690ac85f1782e15782a151b4a9e1b",
 "transfers": {
  "ranges": [
   [
    1,
    74466585
   ]
  ],
  "rows": 640441
 },
 "swaps": {
  "ranges": [
   [
    1,
    74038513
   ]
  ],
  "pool": "0x9501a20bedb8bea0798fe5d4c411f5e270965d49",
  "protocol": "v3",
  "rows": 271175
 },
 "updated_at": "2026-09-28T03:13:55Z"
}
[03:13:55] WALLET: transfers DONE
[03:13:56] WALLET: pool 0x9501a20b (v3/WETH) resuming from 74,401,034
    0x9501a20b 100.0% block 74,466,684 logs 327 16s
[03:14:13] WALLET: pool 0x9501a20b DONE, 273,814 swaps
[03:14:13] WALLET: pool 0x89f2e48d (v4/USDG) resuming from 74,401,034
    0x89f2e48d 100.0% block 74,466,684 logs 71 0s
[03:14:13] WALLET: pool 0x89f2e48d DONE, 17,498 swaps
311,240 transactions moved this token
{
 "attributed": 246895,
 "attributed_multi_swap": 24798,
 "ambiguous_multi_swap": 5355,
 "no_transfers": 177,
 "no_counterparty": 14087
}
  attributed 93.3% of 291,312 swaps
  'recipient' matched the true holder on 33.3% of 271,693 comparable swaps
wrote /home/user/Public/data/tokens/0x0339f5459fc690ac85f1782e15782a151b4a9e1b/swaps_attributed.parquet
[03:14:19] WALLET: attributed DONE
291,312 trades -> /home/user/Public/data/tokens/0x0339f5459fc690ac85f1782e15782a151b4a9e1b/ledger.parquet
  19,619 (6.73%) had no attributed trader and carry a null
  32,508 distinct traders across the full history
  span 1,783,645,329 - 1,790,565,220
[03:14:24] WALLET: ledger DONE
[03:14:24] build finished
