head 76,837,411; 3,220 anchors held, 9 to fetch
3,229 anchors; worst error above block 4,000,000: 2s (below it: 0s, where the chain had not reached a steady block rate)
[21:27:05] build starting for WALLET (ETH $2,682.18)
[21:27:05] WALLET: transfers starting
head 76,837,447
transfers: scanning 76,635,859-76,837,447 (resuming)
  tr  49.6%  block 76,735,858  span 100,000  logs 2,166  0s
  tr 100.0%  block 76,837,447  span 150,000  logs 5,486  0s
transfers: committed 76,635,859-76,837,447  +5,486 rows, 681,644 total
{
 "token": "0x0339f5459fc690ac85f1782e15782a151b4a9e1b",
 "transfers": {
  "ranges": [
   [
    1,
    76837447
   ]
  ],
  "rows": 681644
 },
 "swaps": {
  "ranges": [
   [
    1,
    74038513
   ]
  ],
  "pool": "0x9501a20bedb8bea0798fe5d4c411f5e270965d49",
  "protocol": "v3",
  "rows": 271175
 },
 "updated_at": "2026-09-30T21:27:18Z"
}
[21:27:18] WALLET: transfers DONE
[21:27:19] WALLET: pool 0x9501a20b (v3/WETH) resuming from 76,635,938
    0x9501a20b  49.6% block 76,735,937 logs 562 0s
    0x9501a20b 100.0% block 76,837,576 logs 1,406 0s
[21:27:24] WALLET: pool 0x9501a20b DONE, 284,223 swaps
[21:27:24] WALLET: pool 0x89f2e48d (v4/USDG) resuming from 76,635,938
    0x89f2e48d  49.6% block 76,735,937 logs 112 0s
    0x89f2e48d 100.0% block 76,837,576 logs 337 0s
[21:27:24] WALLET: pool 0x89f2e48d DONE, 19,829 swaps
326,382 transactions moved this token
{
 "attributed": 255598,
 "attributed_multi_swap": 27649,
 "ambiguous_multi_swap": 5780,
 "no_transfers": 226,
 "no_counterparty": 14799
}
  attributed 93.2% of 304,052 swaps
  'recipient' matched the true holder on 32.8% of 283,247 comparable swaps
wrote /home/user/Public/data/tokens/0x0339f5459fc690ac85f1782e15782a151b4a9e1b/swaps_attributed.parquet
[21:27:33] WALLET: attributed DONE
304,052 trades -> /home/user/Public/data/tokens/0x0339f5459fc690ac85f1782e15782a151b4a9e1b/ledger.parquet
  20,805 (6.84%) had no attributed trader and carry a null
  33,648 distinct traders across the full history
  span 1,783,645,329 - 1,790,803,637
[21:27:38] WALLET: ledger DONE
[21:27:38] build finished
