head 74,478,159; 2,991 anchors held, 2 to fetch
2,993 anchors; worst error above block 4,000,000: 2s (below it: 0s, where the chain had not reached a steady block rate)
[03:33:14] build starting for WALLET (ETH $2,645.68)
[03:33:14] WALLET: transfers starting
head 74,478,183
transfers: scanning 74,461,586-74,478,183 (resuming)
  tr 100.0%  block 74,478,183  span 100,000  logs 435  0s
transfers: committed 74,461,586-74,478,183  +435 rows, 640,669 total
{
 "token": "0x0339f5459fc690ac85f1782e15782a151b4a9e1b",
 "transfers": {
  "ranges": [
   [
    1,
    74478183
   ]
  ],
  "rows": 640669
 },
 "swaps": {
  "ranges": [
   [
    1,
    74038513
   ]
  ],
  "pool": "0x9501a20bedb8bea0798fe5d4c411f5e270965d49",
  "protocol": "v3",
  "rows": 271175
 },
 "updated_at": "2026-09-28T03:33:22Z"
}
[03:33:22] WALLET: transfers DONE
[03:33:23] WALLET: pool 0x9501a20b (v3/WETH) resuming from 74,461,685
    0x9501a20b 100.0% block 74,478,259 logs 80 0s
[03:33:24] WALLET: pool 0x9501a20b DONE, 273,858 swaps
[03:33:24] WALLET: pool 0x89f2e48d (v4/USDG) resuming from 74,461,685
    0x89f2e48d 100.0% block 74,478,259 logs 29 5s
[03:33:30] WALLET: pool 0x89f2e48d DONE, 17,511 swaps
311,327 transactions moved this token
{
 "attributed": 246941,
 "attributed_multi_swap": 24804,
 "ambiguous_multi_swap": 5355,
 "no_transfers": 177,
 "no_counterparty": 14092
}
  attributed 93.3% of 291,369 swaps
  'recipient' matched the true holder on 33.3% of 271,745 comparable swaps
wrote /home/user/Public/data/tokens/0x0339f5459fc690ac85f1782e15782a151b4a9e1b/swaps_attributed.parquet
[03:33:37] WALLET: attributed DONE
291,369 trades -> /home/user/Public/data/tokens/0x0339f5459fc690ac85f1782e15782a151b4a9e1b/ledger.parquet
  19,624 (6.74%) had no attributed trader and carry a null
  32,526 distinct traders across the full history
  span 1,783,645,329 - 1,790,566,389
[03:33:41] WALLET: ledger DONE
[03:33:41] build finished
