head 76,058,939; 3,172 anchors held, 1 to fetch
3,173 anchors; worst error above block 4,000,000: 2s (below it: 0s, where the chain had not reached a steady block rate)
[23:41:52] build starting for WALLET (ETH $2,678.34)
[23:41:52] WALLET: transfers starting
head 76,058,959
transfers: scanning 76,052,565-76,058,959 (resuming)
  tr 100.0%  block 76,058,959  span 100,000  logs 1,086  0s
transfers: committed 76,052,565-76,058,959  +1,086 rows, 664,338 total
{
 "token": "0x0339f5459fc690ac85f1782e15782a151b4a9e1b",
 "transfers": {
  "ranges": [
   [
    1,
    76058959
   ]
  ],
  "rows": 664338
 },
 "swaps": {
  "ranges": [
   [
    1,
    74038513
   ]
  ],
  "pool": "0x9501a20bedb8bea0798fe5d4c411f5e270965d49",
  "protocol": "v3",
  "rows": 271175
 },
 "updated_at": "2026-09-29T23:41:58Z"
}
[23:41:58] WALLET: transfers DONE
[23:41:59] WALLET: pool 0x9501a20b (v3/WETH) resuming from 76,052,627
    0x9501a20b 100.0% block 76,059,014 logs 432 0s
[23:42:00] WALLET: pool 0x9501a20b DONE, 279,917 swaps
[23:42:00] WALLET: pool 0x89f2e48d (v4/USDG) resuming from 76,052,627
    0x89f2e48d 100.0% block 76,059,014 logs 137 0s
[23:42:01] WALLET: pool 0x89f2e48d DONE, 18,655 swaps
320,156 transactions moved this token
{
 "attributed": 252173,
 "attributed_multi_swap": 26118,
 "ambiguous_multi_swap": 5592,
 "no_transfers": 199,
 "no_counterparty": 14490
}
  attributed 93.2% of 298,572 swaps
  'recipient' matched the true holder on 33.0% of 278,291 comparable swaps
wrote /home/user/Public/data/tokens/0x0339f5459fc690ac85f1782e15782a151b4a9e1b/swaps_attributed.parquet
[23:42:09] WALLET: attributed DONE
298,572 trades -> /home/user/Public/data/tokens/0x0339f5459fc690ac85f1782e15782a151b4a9e1b/ledger.parquet
  20,281 (6.79%) had no attributed trader and carry a null
  33,291 distinct traders across the full history
  span 1,783,645,329 - 1,790,725,316
[23:42:15] WALLET: ledger DONE
[23:42:15] build finished
