head 75,768,600; 3,145 anchors held, 1 to fetch
3,146 anchors; worst error above block 4,000,000: 2s (below it: 0s, where the chain had not reached a steady block rate)
[15:36:29] build starting for WALLET (ETH $2,682.11)
[15:36:29] WALLET: transfers starting
head 75,768,621
transfers: scanning 75,755,683-75,768,621 (resuming)
  tr 100.0%  block 75,768,621  span 100,000  logs 241  0s
transfers: committed 75,755,683-75,768,621  +241 rows, 657,103 total
{
 "token": "0x0339f5459fc690ac85f1782e15782a151b4a9e1b",
 "transfers": {
  "ranges": [
   [
    1,
    75768621
   ]
  ],
  "rows": 657103
 },
 "swaps": {
  "ranges": [
   [
    1,
    74038513
   ]
  ],
  "pool": "0x9501a20bedb8bea0798fe5d4c411f5e270965d49",
  "protocol": "v3",
  "rows": 271175
 },
 "updated_at": "2026-09-29T15:36:42Z"
}
[15:36:42] WALLET: transfers DONE
[15:36:43] WALLET: pool 0x9501a20b (v3/WETH) resuming from 75,755,813
    0x9501a20b 100.0% block 75,768,754 logs 34 0s
[15:36:48] WALLET: pool 0x9501a20b DONE, 277,862 swaps
[15:36:48] WALLET: pool 0x89f2e48d (v4/USDG) resuming from 75,755,813
    0x89f2e48d 100.0% block 75,768,754 logs 20 0s
[15:36:49] WALLET: pool 0x89f2e48d DONE, 18,169 swaps
317,358 transactions moved this token
{
 "attributed": 250526,
 "attributed_multi_swap": 25535,
 "ambiguous_multi_swap": 5453,
 "no_transfers": 186,
 "no_counterparty": 14331
}
  attributed 93.3% of 296,031 swaps
  'recipient' matched the true holder on 33.0% of 276,061 comparable swaps
wrote /home/user/Public/data/tokens/0x0339f5459fc690ac85f1782e15782a151b4a9e1b/swaps_attributed.parquet
[15:37:00] WALLET: attributed DONE
296,031 trades -> /home/user/Public/data/tokens/0x0339f5459fc690ac85f1782e15782a151b4a9e1b/ledger.parquet
  19,970 (6.75%) had no attributed trader and carry a null
  33,125 distinct traders across the full history
  span 1,783,645,329 - 1,790,696,155
[15:37:09] WALLET: ledger DONE
[15:37:09] build finished
