head 75,293,591; 3,093 anchors held, 4 to fetch
3,097 anchors; worst error above block 4,000,000: 2s (below it: 0s, where the chain had not reached a steady block rate)
[02:19:10] build starting for WALLET (ETH $2,659.43)
[02:19:10] WALLET: transfers starting
head 75,293,611
transfers: scanning 75,216,113-75,293,611 (resuming)
  tr 100.0%  block 75,293,611  span 100,000  logs 897  0s
transfers: committed 75,216,113-75,293,611  +897 rows, 652,606 total
{
 "token": "0x0339f5459fc690ac85f1782e15782a151b4a9e1b",
 "transfers": {
  "ranges": [
   [
    1,
    75293611
   ]
  ],
  "rows": 652606
 },
 "swaps": {
  "ranges": [
   [
    1,
    74038513
   ]
  ],
  "pool": "0x9501a20bedb8bea0798fe5d4c411f5e270965d49",
  "protocol": "v3",
  "rows": 271175
 },
 "updated_at": "2026-09-29T02:19:21Z"
}
[02:19:21] WALLET: transfers DONE
[02:19:22] WALLET: pool 0x9501a20b (v3/WETH) resuming from 75,216,285
    0x9501a20b 100.0% block 75,293,726 logs 222 0s
[02:19:25] WALLET: pool 0x9501a20b DONE, 276,776 swaps
[02:19:25] WALLET: pool 0x89f2e48d (v4/USDG) resuming from 75,216,285
    0x89f2e48d 100.0% block 75,293,726 logs 26 0s
[02:19:26] WALLET: pool 0x89f2e48d DONE, 17,975 swaps
315,721 transactions moved this token
{
 "attributed": 249578,
 "attributed_multi_swap": 25289,
 "ambiguous_multi_swap": 5421,
 "no_transfers": 185,
 "no_counterparty": 14278
}
  attributed 93.3% of 294,751 swaps
  'recipient' matched the true holder on 33.1% of 274,867 comparable swaps
wrote /home/user/Public/data/tokens/0x0339f5459fc690ac85f1782e15782a151b4a9e1b/swaps_attributed.parquet
[02:19:34] WALLET: attributed DONE
294,751 trades -> /home/user/Public/data/tokens/0x0339f5459fc690ac85f1782e15782a151b4a9e1b/ledger.parquet
  19,884 (6.75%) had no attributed trader and carry a null
  33,021 distinct traders across the full history
  span 1,783,645,329 - 1,790,648,353
[02:19:40] WALLET: ledger DONE
[02:19:40] build finished
