head 76,052,699; 3,169 anchors held, 1 to fetch
3,170 anchors; worst error above block 4,000,000: 2s (below it: 0s, where the chain had not reached a steady block rate)
[23:31:33] build starting for WALLET (ETH $2,679.45)
[23:31:33] WALLET: transfers starting
head 76,052,770
transfers: scanning 76,045,814-76,052,770 (resuming)
  tr 100.0%  block 76,052,770  span 100,000  logs 192  1s
transfers: committed 76,045,814-76,052,770  +192 rows, 663,256 total
{
 "token": "0x0339f5459fc690ac85f1782e15782a151b4a9e1b",
 "transfers": {
  "ranges": [
   [
    1,
    76052770
   ]
  ],
  "rows": 663256
 },
 "swaps": {
  "ranges": [
   [
    1,
    74038513
   ]
  ],
  "pool": "0x9501a20bedb8bea0798fe5d4c411f5e270965d49",
  "protocol": "v3",
  "rows": 271175
 },
 "updated_at": "2026-09-29T23:31:40Z"
}
[23:31:41] WALLET: transfers DONE
[23:31:42] WALLET: pool 0x9501a20b (v3/WETH) resuming from 76,045,901
    0x9501a20b 100.0% block 76,052,852 logs 63 0s
[23:31:43] WALLET: pool 0x9501a20b DONE, 279,488 swaps
[23:31:43] WALLET: pool 0x89f2e48d (v4/USDG) resuming from 76,045,901
    0x89f2e48d 100.0% block 76,052,852 logs 13 0s
[23:31:44] WALLET: pool 0x89f2e48d DONE, 18,518 swaps
319,652 transactions moved this token
{
 "attributed": 251806,
 "attributed_multi_swap": 26001,
 "ambiguous_multi_swap": 5537,
 "no_transfers": 193,
 "no_counterparty": 14469
}
  attributed 93.2% of 298,006 swaps
  'recipient' matched the true holder on 32.9% of 277,807 comparable swaps
wrote /home/user/Public/data/tokens/0x0339f5459fc690ac85f1782e15782a151b4a9e1b/swaps_attributed.parquet
[23:31:53] WALLET: attributed DONE
298,006 trades -> /home/user/Public/data/tokens/0x0339f5459fc690ac85f1782e15782a151b4a9e1b/ledger.parquet
  20,199 (6.78%) had no attributed trader and carry a null
  33,263 distinct traders across the full history
  span 1,783,645,329 - 1,790,724,698
[23:32:01] WALLET: ledger DONE
[23:32:01] build finished
