head 76,959,091; 3,229 anchors held, 6 to fetch
3,235 anchors; worst error above block 4,000,000: 2s (below it: 0s, where the chain had not reached a steady block rate)
[00:51:05] build starting for WALLET (ETH $2,685.29)
[00:51:05] WALLET: transfers starting
head 76,959,122
transfers: scanning 76,832,448-76,959,122 (resuming)
  tr  78.9%  block 76,932,447  span 100,000  logs 2,531  0s
  tr 100.0%  block 76,959,122  span 150,000  logs 2,725  0s
transfers: committed 76,832,448-76,959,122  +2,725 rows, 683,589 total
{
 "token": "0x0339f5459fc690ac85f1782e15782a151b4a9e1b",
 "transfers": {
  "ranges": [
   [
    1,
    76959122
   ]
  ],
  "rows": 683589
 },
 "swaps": {
  "ranges": [
   [
    1,
    74038513
   ]
  ],
  "pool": "0x9501a20bedb8bea0798fe5d4c411f5e270965d49",
  "protocol": "v3",
  "rows": 271175
 },
 "updated_at": "2026-10-01T00:51:20Z"
}
[00:51:20] WALLET: transfers DONE
[00:51:21] WALLET: pool 0x9501a20b (v3/WETH) resuming from 76,832,577
    0x9501a20b  78.9% block 76,932,576 logs 566 0s
    0x9501a20b 100.0% block 76,959,269 logs 615 0s
[00:51:26] WALLET: pool 0x9501a20b DONE, 284,635 swaps
[00:51:26] WALLET: pool 0x89f2e48d (v4/USDG) resuming from 76,832,577
    0x89f2e48d  78.9% block 76,932,576 logs 169 0s
    0x89f2e48d 100.0% block 76,959,269 logs 171 1s
[00:51:28] WALLET: pool 0x89f2e48d DONE, 19,936 swaps
327,041 transactions moved this token
{
 "attributed": 255934,
 "attributed_multi_swap": 27794,
 "ambiguous_multi_swap": 5806,
 "no_transfers": 221,
 "no_counterparty": 14816
}
  attributed 93.2% of 304,571 swaps
  'recipient' matched the true holder on 32.7% of 283,728 comparable swaps
wrote /home/user/Public/data/tokens/0x0339f5459fc690ac85f1782e15782a151b4a9e1b/swaps_attributed.parquet
[00:51:37] WALLET: attributed DONE
304,571 trades -> /home/user/Public/data/tokens/0x0339f5459fc690ac85f1782e15782a151b4a9e1b/ledger.parquet
  20,843 (6.84%) had no attributed trader and carry a null
  33,685 distinct traders across the full history
  span 1,783,645,329 - 1,790,815,876
[00:51:45] WALLET: ledger DONE
[00:51:45] build finished
