head 76,488,802; 3,202 anchors held, 2 to fetch
3,204 anchors; worst error above block 4,000,000: 2s (below it: 0s, where the chain had not reached a steady block rate)
[11:43:52] build starting for WALLET (ETH $2,696.77)
[11:43:52] WALLET: transfers starting
head 76,488,827
transfers: scanning 76,461,024-76,488,827 (resuming)
  tr 100.0%  block 76,488,827  span 100,000  logs 761  0s
transfers: committed 76,461,024-76,488,827  +761 rows, 671,941 total
{
 "token": "0x0339f5459fc690ac85f1782e15782a151b4a9e1b",
 "transfers": {
  "ranges": [
   [
    1,
    76488827
   ]
  ],
  "rows": 671941
 },
 "swaps": {
  "ranges": [
   [
    1,
    74038513
   ]
  ],
  "pool": "0x9501a20bedb8bea0798fe5d4c411f5e270965d49",
  "protocol": "v3",
  "rows": 271175
 },
 "updated_at": "2026-09-30T11:44:04Z"
}
[11:44:04] WALLET: transfers DONE
[11:44:05] WALLET: pool 0x9501a20b (v3/WETH) resuming from 76,461,153
    0x9501a20b 100.0% block 76,488,952 logs 191 0s
[11:44:09] WALLET: pool 0x9501a20b DONE, 281,841 swaps
[11:44:09] WALLET: pool 0x89f2e48d (v4/USDG) resuming from 76,461,153
    0x89f2e48d 100.0% block 76,488,952 logs 37 0s
[11:44:10] WALLET: pool 0x89f2e48d DONE, 19,199 swaps
322,945 transactions moved this token
{
 "attributed": 253790,
 "attributed_multi_swap": 26778,
 "ambiguous_multi_swap": 5688,
 "no_transfers": 202,
 "no_counterparty": 14582
}
  attributed 93.2% of 301,040 swaps
  'recipient' matched the true holder on 32.9% of 280,568 comparable swaps
wrote /home/user/Public/data/tokens/0x0339f5459fc690ac85f1782e15782a151b4a9e1b/swaps_attributed.parquet
[11:44:20] WALLET: attributed DONE
301,040 trades -> /home/user/Public/data/tokens/0x0339f5459fc690ac85f1782e15782a151b4a9e1b/ledger.parquet
  20,472 (6.80%) had no attributed trader and carry a null
  33,452 distinct traders across the full history
  span 1,783,645,329 - 1,790,768,634
[11:44:28] WALLET: ledger DONE
[11:44:28] build finished
