head 74,531,557; 2,993 anchors held, 3 to fetch
2,996 anchors; worst error above block 4,000,000: 2s (below it: 0s, where the chain had not reached a steady block rate)
[05:02:50] build starting for WALLET (ETH $2,656.25)
[05:02:50] WALLET: transfers starting
head 74,531,585
transfers: scanning 74,473,184-74,531,585 (resuming)
  tr 100.0%  block 74,531,585  span 100,000  logs 1,703  0s
transfers: committed 74,473,184-74,531,585  +1,703 rows, 642,301 total
{
 "token": "0x0339f5459fc690ac85f1782e15782a151b4a9e1b",
 "transfers": {
  "ranges": [
   [
    1,
    74531585
   ]
  ],
  "rows": 642301
 },
 "swaps": {
  "ranges": [
   [
    1,
    74038513
   ]
  ],
  "pool": "0x9501a20bedb8bea0798fe5d4c411f5e270965d49",
  "protocol": "v3",
  "rows": 271175
 },
 "updated_at": "2026-09-28T05:03:01Z"
}
[05:03:01] WALLET: transfers DONE
[05:03:02] WALLET: pool 0x9501a20b (v3/WETH) resuming from 74,473,260
    0x9501a20b 100.0% block 74,531,690 logs 366 0s
[05:03:06] WALLET: pool 0x9501a20b DONE, 274,212 swaps
[05:03:06] WALLET: pool 0x89f2e48d (v4/USDG) resuming from 74,473,260
    0x89f2e48d 100.0% block 74,531,690 logs 70 16s
[05:03:23] WALLET: pool 0x89f2e48d DONE, 17,574 swaps
311,867 transactions moved this token
{
 "attributed": 247236,
 "attributed_multi_swap": 24885,
 "ambiguous_multi_swap": 5365,
 "no_transfers": 178,
 "no_counterparty": 14122
}
  attributed 93.3% of 291,786 swaps
  'recipient' matched the true holder on 33.2% of 272,121 comparable swaps
wrote /home/user/Public/data/tokens/0x0339f5459fc690ac85f1782e15782a151b4a9e1b/swaps_attributed.parquet
[05:03:31] WALLET: attributed DONE
291,786 trades -> /home/user/Public/data/tokens/0x0339f5459fc690ac85f1782e15782a151b4a9e1b/ledger.parquet
  19,665 (6.74%) had no attributed trader and carry a null
  32,572 distinct traders across the full history
  span 1,783,645,329 - 1,790,571,773
[05:03:37] WALLET: ledger DONE
[05:03:37] build finished
