head 76,436,940; 3,198 anchors held, 1 to fetch
3,199 anchors; worst error above block 4,000,000: 2s (below it: 0s, where the chain had not reached a steady block rate)
[10:16:42] build starting for WALLET (ETH $2,687.85)
[10:16:42] WALLET: transfers starting
head 76,436,968
transfers: scanning 76,426,914-76,436,968 (resuming)
  tr 100.0%  block 76,436,968  span 100,000  logs 85  0s
transfers: committed 76,426,914-76,436,968  +85 rows, 670,774 total
{
 "token": "0x0339f5459fc690ac85f1782e15782a151b4a9e1b",
 "transfers": {
  "ranges": [
   [
    1,
    76436968
   ]
  ],
  "rows": 670774
 },
 "swaps": {
  "ranges": [
   [
    1,
    74038513
   ]
  ],
  "pool": "0x9501a20bedb8bea0798fe5d4c411f5e270965d49",
  "protocol": "v3",
  "rows": 271175
 },
 "updated_at": "2026-09-30T10:16:58Z"
}
[10:16:59] WALLET: transfers DONE
[10:17:00] WALLET: pool 0x9501a20b (v3/WETH) resuming from 76,427,087
    0x9501a20b 100.0% block 76,437,128 logs 20 0s
[10:17:06] WALLET: pool 0x9501a20b DONE, 281,548 swaps
[10:17:06] WALLET: pool 0x89f2e48d (v4/USDG) resuming from 76,427,087
    0x89f2e48d 100.0% block 76,437,128 logs 3 0s
[10:17:06] WALLET: pool 0x89f2e48d DONE, 19,110 swaps
322,525 transactions moved this token
{
 "attributed": 253565,
 "attributed_multi_swap": 26648,
 "ambiguous_multi_swap": 5676,
 "no_transfers": 201,
 "no_counterparty": 14568
}
  attributed 93.2% of 300,658 swaps
  'recipient' matched the true holder on 32.9% of 280,213 comparable swaps
wrote /home/user/Public/data/tokens/0x0339f5459fc690ac85f1782e15782a151b4a9e1b/swaps_attributed.parquet
[10:17:19] WALLET: attributed DONE
300,658 trades -> /home/user/Public/data/tokens/0x0339f5459fc690ac85f1782e15782a151b4a9e1b/ledger.parquet
  20,445 (6.80%) had no attributed trader and carry a null
  33,437 distinct traders across the full history
  span 1,783,645,329 - 1,790,763,391
[10:17:28] WALLET: ledger DONE
[10:17:28] build finished
