head 76,970,686; 3,235 anchors held, 1 to fetch
3,236 anchors; worst error above block 4,000,000: 2s (below it: 0s, where the chain had not reached a steady block rate)
[01:10:30] build starting for WALLET (ETH $2,685.72)
[01:10:30] WALLET: transfers starting
head 76,970,708
transfers: scanning 76,954,123-76,970,708 (resuming)
  tr 100.0%  block 76,970,708  span 100,000  logs 129  0s
transfers: committed 76,954,123-76,970,708  +129 rows, 683,683 total
{
 "token": "0x0339f5459fc690ac85f1782e15782a151b4a9e1b",
 "transfers": {
  "ranges": [
   [
    1,
    76970708
   ]
  ],
  "rows": 683683
 },
 "swaps": {
  "ranges": [
   [
    1,
    74038513
   ]
  ],
  "pool": "0x9501a20bedb8bea0798fe5d4c411f5e270965d49",
  "protocol": "v3",
  "rows": 271175
 },
 "updated_at": "2026-10-01T01:10:43Z"
}
[01:10:43] WALLET: transfers DONE
[01:10:44] WALLET: pool 0x9501a20b (v3/WETH) resuming from 76,954,270
    0x9501a20b 100.0% block 76,970,839 logs 25 0s
[01:10:49] WALLET: pool 0x9501a20b DONE, 284,650 swaps
[01:10:49] WALLET: pool 0x89f2e48d (v4/USDG) resuming from 76,954,270
    0x89f2e48d 100.0% block 76,970,839 logs 2 0s
[01:10:49] WALLET: pool 0x89f2e48d DONE, 19,936 swaps
327,077 transactions moved this token
{
 "attributed": 255950,
 "attributed_multi_swap": 27794,
 "ambiguous_multi_swap": 5806,
 "no_transfers": 219,
 "no_counterparty": 14817
}
  attributed 93.2% of 304,586 swaps
  'recipient' matched the true holder on 32.7% of 283,744 comparable swaps
wrote /home/user/Public/data/tokens/0x0339f5459fc690ac85f1782e15782a151b4a9e1b/swaps_attributed.parquet
[01:10:59] WALLET: attributed DONE
304,586 trades -> /home/user/Public/data/tokens/0x0339f5459fc690ac85f1782e15782a151b4a9e1b/ledger.parquet
  20,842 (6.84%) had no attributed trader and carry a null
  33,686 distinct traders across the full history
  span 1,783,645,329 - 1,790,816,870
[01:11:07] WALLET: ledger DONE
[01:11:07] build finished
