head 76,640,833; 3,219 anchors held, 1 to fetch
3,220 anchors; worst error above block 4,000,000: 2s (below it: 0s, where the chain had not reached a steady block rate)
[15:58:23] build starting for WALLET (ETH $2,683.03)
[15:58:23] WALLET: transfers starting
head 76,640,858
transfers: scanning 76,634,055-76,640,858 (resuming)
  tr 100.0%  block 76,640,858  span 100,000  logs 298  0s
transfers: committed 76,634,055-76,640,858  +298 rows, 676,424 total
{
 "token": "0x0339f5459fc690ac85f1782e15782a151b4a9e1b",
 "transfers": {
  "ranges": [
   [
    1,
    76640858
   ]
  ],
  "rows": 676424
 },
 "swaps": {
  "ranges": [
   [
    1,
    74038513
   ]
  ],
  "pool": "0x9501a20bedb8bea0798fe5d4c411f5e270965d49",
  "protocol": "v3",
  "rows": 271175
 },
 "updated_at": "2026-09-30T15:58:31Z"
}
[15:58:31] WALLET: transfers DONE
[15:58:32] WALLET: pool 0x9501a20b (v3/WETH) resuming from 76,634,212
    0x9501a20b 100.0% block 76,640,937 logs 86 0s
[15:58:34] WALLET: pool 0x9501a20b DONE, 282,897 swaps
[15:58:34] WALLET: pool 0x89f2e48d (v4/USDG) resuming from 76,634,212
    0x89f2e48d 100.0% block 76,640,937 logs 16 0s
[15:58:35] WALLET: pool 0x89f2e48d DONE, 19,506 swaps
324,508 transactions moved this token
{
 "attributed": 254589,
 "attributed_multi_swap": 27210,
 "ambiguous_multi_swap": 5724,
 "no_transfers": 210,
 "no_counterparty": 14670
}
  attributed 93.2% of 302,403 swaps
  'recipient' matched the true holder on 32.8% of 281,799 comparable swaps
wrote /home/user/Public/data/tokens/0x0339f5459fc690ac85f1782e15782a151b4a9e1b/swaps_attributed.parquet
[15:58:44] WALLET: attributed DONE
302,403 trades -> /home/user/Public/data/tokens/0x0339f5459fc690ac85f1782e15782a151b4a9e1b/ledger.parquet
  20,604 (6.81%) had no attributed trader and carry a null
  33,534 distinct traders across the full history
  span 1,783,645,329 - 1,790,783,906
[15:58:51] WALLET: ledger DONE
[15:58:51] build finished
