head 74,850,058; 3,052 anchors held, 2 to fetch
3,054 anchors; worst error above block 4,000,000: 2s (below it: 0s, where the chain had not reached a steady block rate)
[13:56:52] build starting for WALLET (ETH $2,692.83)
[13:56:52] WALLET: transfers starting
head 74,850,102
transfers: scanning 74,841,880-74,850,102 (resuming)
  tr 100.0%  block 74,850,102  span 100,000  logs 119  0s
transfers: committed 74,841,880-74,850,102  +119 rows, 645,695 total
{
 "token": "0x0339f5459fc690ac85f1782e15782a151b4a9e1b",
 "transfers": {
  "ranges": [
   [
    1,
    74850102
   ]
  ],
  "rows": 645695
 },
 "swaps": {
  "ranges": [
   [
    1,
    74038513
   ]
  ],
  "pool": "0x9501a20bedb8bea0798fe5d4c411f5e270965d49",
  "protocol": "v3",
  "rows": 271175
 },
 "updated_at": "2026-09-28T13:56:57Z"
}
[13:56:57] WALLET: transfers DONE
[13:56:58] WALLET: pool 0x9501a20b (v3/WETH) resuming from 74,842,016
    0x9501a20b 100.0% block 74,850,158 logs 27 5s
[13:57:05] WALLET: pool 0x9501a20b DONE, 275,115 swaps
[13:57:05] WALLET: pool 0x89f2e48d (v4/USDG) resuming from 74,842,016
    0x89f2e48d 100.0% block 74,850,158 logs 20 0s
[13:57:06] WALLET: pool 0x89f2e48d DONE, 17,738 swaps
313,204 transactions moved this token
{
 "attributed": 248071,
 "attributed_multi_swap": 25038,
 "ambiguous_multi_swap": 5381,
 "no_transfers": 178,
 "no_counterparty": 14185
}
  attributed 93.3% of 292,853 swaps
  'recipient' matched the true holder on 33.2% of 273,109 comparable swaps
wrote /home/user/Public/data/tokens/0x0339f5459fc690ac85f1782e15782a151b4a9e1b/swaps_attributed.parquet
[13:57:11] WALLET: attributed DONE
292,853 trades -> /home/user/Public/data/tokens/0x0339f5459fc690ac85f1782e15782a151b4a9e1b/ledger.parquet
  19,744 (6.74%) had no attributed trader and carry a null
  32,769 distinct traders across the full history
  span 1,783,645,329 - 1,790,603,774
[13:57:16] WALLET: ledger DONE
[13:57:16] build finished
