head 79,056,429; 3,310 anchors held, 18 to fetch
3,328 anchors; worst error above block 4,000,000: 2s (below it: 0s, where the chain had not reached a steady block rate)
[11:42:16] build starting for WALLET (ETH $2,685.26)
[11:42:16] WALLET: transfers starting
head 79,056,483
transfers: scanning 78,643,679-79,056,483 (resuming)
  tr  24.2%  block 78,743,678  span 100,000  logs 756  8s
  tr  60.6%  block 78,893,678  span 150,000  logs 1,395  9s
  tr 100.0%  block 79,056,483  span 225,000  logs 2,009  10s
transfers: committed 78,643,679-79,056,483  +2,009 rows, 700,995 total
{
 "token": "0x0339f5459fc690ac85f1782e15782a151b4a9e1b",
 "transfers": {
  "ranges": [
   [
    1,
    79056483
   ]
  ],
  "rows": 700995
 },
 "swaps": {
  "ranges": [
   [
    1,
    74038513
   ]
  ],
  "pool": "0x9501a20bedb8bea0798fe5d4c411f5e270965d49",
  "protocol": "v3",
  "rows": 271175
 },
 "updated_at": "2026-10-03T11:42:40Z"
}
[11:42:41] WALLET: transfers DONE
[11:42:42] WALLET: pool 0x9501a20b (v3/WETH) resuming from 78,643,816
    0x9501a20b  24.2% block 78,743,815 logs 222 1s
    0x9501a20b  60.5% block 78,893,815 logs 352 2s
    0x9501a20b 100.0% block 79,056,724 logs 490 3s
[11:42:50] WALLET: pool 0x9501a20b DONE, 288,354 swaps
[11:42:50] WALLET: pool 0x89f2e48d (v4/USDG) resuming from 78,643,816
    0x89f2e48d  24.2% block 78,743,815 logs 36 1s
    0x89f2e48d  60.5% block 78,893,815 logs 67 2s
    0x89f2e48d 100.0% block 79,056,724 logs 86 3s
[11:42:54] WALLET: pool 0x89f2e48d DONE, 20,590 swaps
333,084 transactions moved this token
{
 "attributed": 259039,
 "attributed_multi_swap": 28848,
 "ambiguous_multi_swap": 5878,
 "no_transfers": 224,
 "no_counterparty": 14955
}
  attributed 93.2% of 308,944 swaps
  'recipient' matched the true holder on 32.5% of 287,887 comparable swaps
wrote /home/user/Public/data/tokens/0x0339f5459fc690ac85f1782e15782a151b4a9e1b/swaps_attributed.parquet
[11:43:04] WALLET: attributed DONE
308,944 trades -> /home/user/Public/data/tokens/0x0339f5459fc690ac85f1782e15782a151b4a9e1b/ledger.parquet
  21,057 (6.82%) had no attributed trader and carry a null
  33,987 distinct traders across the full history
  span 1,783,645,329 - 1,791,027,706
[11:43:11] WALLET: ledger DONE
[11:43:11] build finished
