head 74,853,055; 3,054 anchors held, 1 to fetch
3,055 anchors; worst error above block 4,000,000: 2s (below it: 0s, where the chain had not reached a steady block rate)
[14:01:51] build starting for WALLET (ETH $2,685.06)
[14:01:51] WALLET: transfers starting
head 74,853,080
transfers: scanning 74,845,103-74,853,080 (resuming)
  tr 100.0%  block 74,853,080  span 100,000  logs 102  0s
transfers: committed 74,845,103-74,853,080  +102 rows, 645,741 total
{
 "token": "0x0339f5459fc690ac85f1782e15782a151b4a9e1b",
 "transfers": {
  "ranges": [
   [
    1,
    74853080
   ]
  ],
  "rows": 645741
 },
 "swaps": {
  "ranges": [
   [
    1,
    74038513
   ]
  ],
  "pool": "0x9501a20bedb8bea0798fe5d4c411f5e270965d49",
  "protocol": "v3",
  "rows": 271175
 },
 "updated_at": "2026-09-28T14:01:57Z"
}
[14:01:57] WALLET: transfers DONE
[14:01:58] WALLET: pool 0x9501a20b (v3/WETH) resuming from 74,845,159
    0x9501a20b 100.0% block 74,853,133 logs 31 0s
[14:02:00] WALLET: pool 0x9501a20b DONE, 275,130 swaps
[14:02:00] WALLET: pool 0x89f2e48d (v4/USDG) resuming from 74,845,159
    0x89f2e48d 100.0% block 74,853,133 logs 8 0s
[14:02:00] WALLET: pool 0x89f2e48d DONE, 17,739 swaps
313,225 transactions moved this token
{
 "attributed": 248085,
 "attributed_multi_swap": 25040,
 "ambiguous_multi_swap": 5381,
 "no_transfers": 178,
 "no_counterparty": 14185
}
  attributed 93.3% of 292,869 swaps
  'recipient' matched the true holder on 33.2% of 273,125 comparable swaps
wrote /home/user/Public/data/tokens/0x0339f5459fc690ac85f1782e15782a151b4a9e1b/swaps_attributed.parquet
[14:02:05] WALLET: attributed DONE
292,869 trades -> /home/user/Public/data/tokens/0x0339f5459fc690ac85f1782e15782a151b4a9e1b/ledger.parquet
  19,744 (6.74%) had no attributed trader and carry a null
  32,772 distinct traders across the full history
  span 1,783,645,329 - 1,790,604,096
[14:02:10] WALLET: ledger DONE
[14:02:10] build finished
