head 75,760,657; 3,143 anchors held, 2 to fetch
3,145 anchors; worst error above block 4,000,000: 2s (below it: 0s, where the chain had not reached a steady block rate)
[15:23:14] build starting for WALLET (ETH $2,687.23)
[15:23:14] WALLET: transfers starting
head 75,760,682
transfers: scanning 75,728,951-75,760,682 (resuming)
  tr 100.0%  block 75,760,682  span 100,000  logs 379  0s
transfers: committed 75,728,951-75,760,682  +379 rows, 656,945 total
{
 "token": "0x0339f5459fc690ac85f1782e15782a151b4a9e1b",
 "transfers": {
  "ranges": [
   [
    1,
    75760682
   ]
  ],
  "rows": 656945
 },
 "swaps": {
  "ranges": [
   [
    1,
    74038513
   ]
  ],
  "pool": "0x9501a20bedb8bea0798fe5d4c411f5e270965d49",
  "protocol": "v3",
  "rows": 271175
 },
 "updated_at": "2026-09-29T15:23:27Z"
}
[15:23:27] WALLET: transfers DONE
[15:23:28] WALLET: pool 0x9501a20b (v3/WETH) resuming from 75,729,075
    0x9501a20b 100.0% block 75,760,812 logs 90 0s
[15:23:34] WALLET: pool 0x9501a20b DONE, 277,843 swaps
[15:23:34] WALLET: pool 0x89f2e48d (v4/USDG) resuming from 75,729,075
    0x89f2e48d 100.0% block 75,760,812 logs 34 0s
[15:23:35] WALLET: pool 0x89f2e48d DONE, 18,162 swaps
317,319 transactions moved this token
{
 "attributed": 250507,
 "attributed_multi_swap": 25529,
 "ambiguous_multi_swap": 5451,
 "no_transfers": 188,
 "no_counterparty": 14330
}
  attributed 93.3% of 296,005 swaps
  'recipient' matched the true holder on 33.0% of 276,036 comparable swaps
wrote /home/user/Public/data/tokens/0x0339f5459fc690ac85f1782e15782a151b4a9e1b/swaps_attributed.parquet
[15:23:47] WALLET: attributed DONE
296,005 trades -> /home/user/Public/data/tokens/0x0339f5459fc690ac85f1782e15782a151b4a9e1b/ledger.parquet
  19,969 (6.75%) had no attributed trader and carry a null
  33,122 distinct traders across the full history
  span 1,783,645,329 - 1,790,695,404
[15:23:55] WALLET: ledger DONE
[15:23:55] build finished
