head 76,532,753; 3,205 anchors held, 3 to fetch
3,208 anchors; worst error above block 4,000,000: 2s (below it: 0s, where the chain had not reached a steady block rate)
[12:57:39] build starting for WALLET (ETH $2,734.06)
[12:57:39] WALLET: transfers starting
head 76,532,783
transfers: scanning 76,488,653-76,532,783 (resuming)
  tr 100.0%  block 76,532,783  span 100,000  logs 760  0s
transfers: committed 76,488,653-76,532,783  +760 rows, 672,699 total
{
 "token": "0x0339f5459fc690ac85f1782e15782a151b4a9e1b",
 "transfers": {
  "ranges": [
   [
    1,
    76532783
   ]
  ],
  "rows": 672699
 },
 "swaps": {
  "ranges": [
   [
    1,
    74038513
   ]
  ],
  "pool": "0x9501a20bedb8bea0798fe5d4c411f5e270965d49",
  "protocol": "v3",
  "rows": 271175
 },
 "updated_at": "2026-09-30T12:57:52Z"
}
[12:57:52] WALLET: transfers DONE
[12:57:53] WALLET: pool 0x9501a20b (v3/WETH) resuming from 76,488,789
    0x9501a20b 100.0% block 76,532,906 logs 195 0s
[12:57:58] WALLET: pool 0x9501a20b DONE, 282,035 swaps
[12:57:58] WALLET: pool 0x89f2e48d (v4/USDG) resuming from 76,488,789
    0x89f2e48d 100.0% block 76,532,906 logs 41 0s
[12:57:59] WALLET: pool 0x89f2e48d DONE, 19,240 swaps
323,227 transactions moved this token
{
 "attributed": 253965,
 "attributed_multi_swap": 26826,
 "ambiguous_multi_swap": 5696,
 "no_transfers": 201,
 "no_counterparty": 14587
}
  attributed 93.2% of 301,275 swaps
  'recipient' matched the true holder on 32.9% of 280,791 comparable swaps
wrote /home/user/Public/data/tokens/0x0339f5459fc690ac85f1782e15782a151b4a9e1b/swaps_attributed.parquet
[12:58:09] WALLET: attributed DONE
301,275 trades -> /home/user/Public/data/tokens/0x0339f5459fc690ac85f1782e15782a151b4a9e1b/ledger.parquet
  20,484 (6.80%) had no attributed trader and carry a null
  33,465 distinct traders across the full history
  span 1,783,645,329 - 1,790,773,043
[12:58:16] WALLET: ledger DONE
[12:58:16] build finished
