head 76,550,243; 3,208 anchors held, 2 to fetch
3,210 anchors; worst error above block 4,000,000: 2s (below it: 0s, where the chain had not reached a steady block rate)
[13:26:55] build starting for WALLET (ETH $2,734.38)
[13:26:55] WALLET: transfers starting
head 76,550,265
transfers: scanning 76,527,784-76,550,265 (resuming)
  tr 100.0%  block 76,550,265  span 100,000  logs 307  0s
transfers: committed 76,527,784-76,550,265  +307 rows, 672,941 total
{
 "token": "0x0339f5459fc690ac85f1782e15782a151b4a9e1b",
 "transfers": {
  "ranges": [
   [
    1,
    76550265
   ]
  ],
  "rows": 672941
 },
 "swaps": {
  "ranges": [
   [
    1,
    74038513
   ]
  ],
  "pool": "0x9501a20bedb8bea0798fe5d4c411f5e270965d49",
  "protocol": "v3",
  "rows": 271175
 },
 "updated_at": "2026-09-30T13:27:08Z"
}
[13:27:08] WALLET: transfers DONE
[13:27:09] WALLET: pool 0x9501a20b (v3/WETH) resuming from 76,527,907
    0x9501a20b 100.0% block 76,550,400 logs 72 0s
[13:27:14] WALLET: pool 0x9501a20b DONE, 282,091 swaps
[13:27:14] WALLET: pool 0x89f2e48d (v4/USDG) resuming from 76,527,907
    0x89f2e48d 100.0% block 76,550,400 logs 12 0s
[13:27:14] WALLET: pool 0x89f2e48d DONE, 19,248 swaps
323,319 transactions moved this token
{
 "attributed": 254015,
 "attributed_multi_swap": 26834,
 "ambiguous_multi_swap": 5698,
 "no_transfers": 202,
 "no_counterparty": 14590
}
  attributed 93.2% of 301,339 swaps
  'recipient' matched the true holder on 32.8% of 280,849 comparable swaps
wrote /home/user/Public/data/tokens/0x0339f5459fc690ac85f1782e15782a151b4a9e1b/swaps_attributed.parquet
[13:27:25] WALLET: attributed DONE
301,339 trades -> /home/user/Public/data/tokens/0x0339f5459fc690ac85f1782e15782a151b4a9e1b/ledger.parquet
  20,490 (6.80%) had no attributed trader and carry a null
  33,466 distinct traders across the full history
  span 1,783,645,329 - 1,790,774,814
[13:27:31] WALLET: ledger DONE
[13:27:31] build finished
