head 76,639,030; 3,218 anchors held, 1 to fetch
3,219 anchors; worst error above block 4,000,000: 2s (below it: 0s, where the chain had not reached a steady block rate)
[15:55:23] build starting for WALLET (ETH $2,684.87)
[15:55:23] WALLET: transfers starting
head 76,639,054
transfers: scanning 76,624,063-76,639,054 (resuming)
  tr 100.0%  block 76,639,054  span 100,000  logs 317  0s
transfers: committed 76,624,063-76,639,054  +317 rows, 676,283 total
{
 "token": "0x0339f5459fc690ac85f1782e15782a151b4a9e1b",
 "transfers": {
  "ranges": [
   [
    1,
    76639054
   ]
  ],
  "rows": 676283
 },
 "swaps": {
  "ranges": [
   [
    1,
    74038513
   ]
  ],
  "pool": "0x9501a20bedb8bea0798fe5d4c411f5e270965d49",
  "protocol": "v3",
  "rows": 271175
 },
 "updated_at": "2026-09-30T15:55:39Z"
}
[15:55:39] WALLET: transfers DONE
[15:55:40] WALLET: pool 0x9501a20b (v3/WETH) resuming from 76,624,197
    0x9501a20b 100.0% block 76,639,211 logs 95 0s
[15:55:49] WALLET: pool 0x9501a20b DONE, 282,869 swaps
[15:55:49] WALLET: pool 0x89f2e48d (v4/USDG) resuming from 76,624,197
    0x89f2e48d 100.0% block 76,639,211 logs 12 0s
[15:55:50] WALLET: pool 0x89f2e48d DONE, 19,500 swaps
324,447 transactions moved this token
{
 "attributed": 254573,
 "attributed_multi_swap": 27198,
 "ambiguous_multi_swap": 5722,
 "no_transfers": 220,
 "no_counterparty": 14656
}
  attributed 93.2% of 302,369 swaps
  'recipient' matched the true holder on 32.8% of 281,771 comparable swaps
wrote /home/user/Public/data/tokens/0x0339f5459fc690ac85f1782e15782a151b4a9e1b/swaps_attributed.parquet
[15:56:02] WALLET: attributed DONE
302,369 trades -> /home/user/Public/data/tokens/0x0339f5459fc690ac85f1782e15782a151b4a9e1b/ledger.parquet
  20,598 (6.81%) had no attributed trader and carry a null
  33,534 distinct traders across the full history
  span 1,783,645,329 - 1,790,783,735
[15:56:10] WALLET: ledger DONE
[15:56:10] build finished
