head 75,733,925; 3,140 anchors held, 3 to fetch
3,143 anchors; worst error above block 4,000,000: 2s (below it: 0s, where the chain had not reached a steady block rate)
[14:38:30] build starting for WALLET (ETH $2,710.59)
[14:38:30] WALLET: transfers starting
head 75,733,950
transfers: scanning 75,694,070-75,733,950 (resuming)
  tr 100.0%  block 75,733,950  span 100,000  logs 421  0s
transfers: committed 75,694,070-75,733,950  +421 rows, 656,640 total
{
 "token": "0x0339f5459fc690ac85f1782e15782a151b4a9e1b",
 "transfers": {
  "ranges": [
   [
    1,
    75733950
   ]
  ],
  "rows": 656640
 },
 "swaps": {
  "ranges": [
   [
    1,
    74038513
   ]
  ],
  "pool": "0x9501a20bedb8bea0798fe5d4c411f5e270965d49",
  "protocol": "v3",
  "rows": 271175
 },
 "updated_at": "2026-09-29T14:38:42Z"
}
[14:38:42] WALLET: transfers DONE
[14:38:43] WALLET: pool 0x9501a20b (v3/WETH) resuming from 75,694,130
    0x9501a20b 100.0% block 75,734,074 logs 86 0s
[14:38:49] WALLET: pool 0x9501a20b DONE, 277,770 swaps
[14:38:49] WALLET: pool 0x89f2e48d (v4/USDG) resuming from 75,694,130
    0x89f2e48d 100.0% block 75,734,074 logs 46 0s
[14:38:50] WALLET: pool 0x89f2e48d DONE, 18,137 swaps
317,210 transactions moved this token
{
 "attributed": 250451,
 "attributed_multi_swap": 25498,
 "ambiguous_multi_swap": 5445,
 "no_transfers": 186,
 "no_counterparty": 14327
}
  attributed 93.3% of 295,907 swaps
  'recipient' matched the true holder on 33.0% of 275,949 comparable swaps
wrote /home/user/Public/data/tokens/0x0339f5459fc690ac85f1782e15782a151b4a9e1b/swaps_attributed.parquet
[14:39:00] WALLET: attributed DONE
295,907 trades -> /home/user/Public/data/tokens/0x0339f5459fc690ac85f1782e15782a151b4a9e1b/ledger.parquet
  19,958 (6.74%) had no attributed trader and carry a null
  33,111 distinct traders across the full history
  span 1,783,645,329 - 1,790,692,707
[14:39:06] WALLET: ledger DONE
[14:39:06] build finished
