head 75,782,484; 3,148 anchors held, 1 to fetch
3,149 anchors; worst error above block 4,000,000: 2s (below it: 0s, where the chain had not reached a steady block rate)
[15:59:41] build starting for WALLET (ETH $2,669.60)
[15:59:41] WALLET: transfers starting
head 75,782,510
transfers: scanning 75,771,280-75,782,510 (resuming)
  tr 100.0%  block 75,782,510  span 100,000  logs 141  0s
transfers: committed 75,771,280-75,782,510  +141 rows, 657,265 total
{
 "token": "0x0339f5459fc690ac85f1782e15782a151b4a9e1b",
 "transfers": {
  "ranges": [
   [
    1,
    75782510
   ]
  ],
  "rows": 657265
 },
 "swaps": {
  "ranges": [
   [
    1,
    74038513
   ]
  ],
  "pool": "0x9501a20bedb8bea0798fe5d4c411f5e270965d49",
  "protocol": "v3",
  "rows": 271175
 },
 "updated_at": "2026-09-29T15:59:55Z"
}
[15:59:55] WALLET: transfers DONE
[15:59:56] WALLET: pool 0x9501a20b (v3/WETH) resuming from 75,771,417
    0x9501a20b 100.0% block 75,782,650 logs 42 0s
[16:00:03] WALLET: pool 0x9501a20b DONE, 277,910 swaps
[16:00:03] WALLET: pool 0x89f2e48d (v4/USDG) resuming from 75,771,417
    0x89f2e48d 100.0% block 75,782,650 logs 12 0s
[16:00:04] WALLET: pool 0x89f2e48d DONE, 18,184 swaps
317,428 transactions moved this token
{
 "attributed": 250566,
 "attributed_multi_swap": 25554,
 "ambiguous_multi_swap": 5455,
 "no_transfers": 187,
 "no_counterparty": 14332
}
  attributed 93.3% of 296,094 swaps
  'recipient' matched the true holder on 33.0% of 276,120 comparable swaps
wrote /home/user/Public/data/tokens/0x0339f5459fc690ac85f1782e15782a151b4a9e1b/swaps_attributed.parquet
[16:00:15] WALLET: attributed DONE
296,094 trades -> /home/user/Public/data/tokens/0x0339f5459fc690ac85f1782e15782a151b4a9e1b/ledger.parquet
  19,974 (6.75%) had no attributed trader and carry a null
  33,137 distinct traders across the full history
  span 1,783,645,329 - 1,790,697,582
[16:00:24] WALLET: ledger DONE
[16:00:24] build finished
