head 76,462,586; 3,199 anchors held, 2 to fetch
3,201 anchors; worst error above block 4,000,000: 2s (below it: 0s, where the chain had not reached a steady block rate)
[10:59:47] build starting for WALLET (ETH $2,694.37)
[10:59:47] WALLET: transfers starting
head 76,462,611
transfers: scanning 76,431,969-76,462,611 (resuming)
  tr 100.0%  block 76,462,611  span 100,000  logs 478  0s
transfers: committed 76,431,969-76,462,611  +478 rows, 671,229 total
{
 "token": "0x0339f5459fc690ac85f1782e15782a151b4a9e1b",
 "transfers": {
  "ranges": [
   [
    1,
    76462611
   ]
  ],
  "rows": 671229
 },
 "swaps": {
  "ranges": [
   [
    1,
    74038513
   ]
  ],
  "pool": "0x9501a20bedb8bea0798fe5d4c411f5e270965d49",
  "protocol": "v3",
  "rows": 271175
 },
 "updated_at": "2026-09-30T11:00:02Z"
}
[11:00:02] WALLET: transfers DONE
[11:00:04] WALLET: pool 0x9501a20b (v3/WETH) resuming from 76,432,129
    0x9501a20b 100.0% block 76,462,757 logs 125 0s
[11:00:09] WALLET: pool 0x9501a20b DONE, 281,662 swaps
[11:00:09] WALLET: pool 0x89f2e48d (v4/USDG) resuming from 76,432,129
    0x89f2e48d 100.0% block 76,462,757 logs 59 0s
[11:00:10] WALLET: pool 0x89f2e48d DONE, 19,168 swaps
322,699 transactions moved this token
{
 "attributed": 253650,
 "attributed_multi_swap": 26720,
 "ambiguous_multi_swap": 5682,
 "no_transfers": 203,
 "no_counterparty": 14575
}
  attributed 93.2% of 300,830 swaps
  'recipient' matched the true holder on 32.9% of 280,370 comparable swaps
wrote /home/user/Public/data/tokens/0x0339f5459fc690ac85f1782e15782a151b4a9e1b/swaps_attributed.parquet
[11:00:21] WALLET: attributed DONE
300,830 trades -> /home/user/Public/data/tokens/0x0339f5459fc690ac85f1782e15782a151b4a9e1b/ledger.parquet
  20,460 (6.80%) had no attributed trader and carry a null
  33,446 distinct traders across the full history
  span 1,783,645,329 - 1,790,765,998
[11:00:27] WALLET: ledger DONE
[11:00:27] build finished
