head 75,377,315; 3,107 anchors held, 2 to fetch
3,109 anchors; worst error above block 4,000,000: 2s (below it: 0s, where the chain had not reached a steady block rate)
[04:39:44] build starting for WALLET (ETH $2,666.65)
[04:39:44] WALLET: transfers starting
head 75,377,339
transfers: scanning 75,368,567-75,377,339 (resuming)
  tr 100.0%  block 75,377,339  span 100,000  logs 195  0s
transfers: committed 75,368,567-75,377,339  +195 rows, 653,482 total
{
 "token": "0x0339f5459fc690ac85f1782e15782a151b4a9e1b",
 "transfers": {
  "ranges": [
   [
    1,
    75377339
   ]
  ],
  "rows": 653482
 },
 "swaps": {
  "ranges": [
   [
    1,
    74038513
   ]
  ],
  "pool": "0x9501a20bedb8bea0798fe5d4c411f5e270965d49",
  "protocol": "v3",
  "rows": 271175
 },
 "updated_at": "2026-09-29T04:39:52Z"
}
[04:39:52] WALLET: transfers DONE
[04:39:53] WALLET: pool 0x9501a20b (v3/WETH) resuming from 75,368,675
    0x9501a20b 100.0% block 75,377,423 logs 59 0s
[04:39:55] WALLET: pool 0x9501a20b DONE, 276,974 swaps
[04:39:55] WALLET: pool 0x89f2e48d (v4/USDG) resuming from 75,368,675
    0x89f2e48d 100.0% block 75,377,423 logs 6 0s
[04:39:55] WALLET: pool 0x89f2e48d DONE, 17,995 swaps
316,035 transactions moved this token
{
 "attributed": 249745,
 "attributed_multi_swap": 25320,
 "ambiguous_multi_swap": 5425,
 "no_transfers": 184,
 "no_counterparty": 14295
}
  attributed 93.3% of 294,969 swaps
  'recipient' matched the true holder on 33.1% of 275,065 comparable swaps
wrote /home/user/Public/data/tokens/0x0339f5459fc690ac85f1782e15782a151b4a9e1b/swaps_attributed.parquet
[04:40:04] WALLET: attributed DONE
294,969 trades -> /home/user/Public/data/tokens/0x0339f5459fc690ac85f1782e15782a151b4a9e1b/ledger.parquet
  19,904 (6.75%) had no attributed trader and carry a null
  33,040 distinct traders across the full history
  span 1,783,645,329 - 1,790,656,696
[04:40:09] WALLET: ledger DONE
[04:40:09] build finished
