head 76,055,426; 3,170 anchors held, 1 to fetch
3,171 anchors; worst error above block 4,000,000: 2s (below it: 0s, where the chain had not reached a steady block rate)
[23:36:01] build starting for WALLET (ETH $2,678.05)
[23:36:01] WALLET: transfers starting
head 76,055,447
transfers: scanning 76,047,771-76,055,447 (resuming)
  tr 100.0%  block 76,055,447  span 100,000  logs 308  0s
transfers: committed 76,047,771-76,055,447  +308 rows, 663,429 total
{
 "token": "0x0339f5459fc690ac85f1782e15782a151b4a9e1b",
 "transfers": {
  "ranges": [
   [
    1,
    76055447
   ]
  ],
  "rows": 663429
 },
 "swaps": {
  "ranges": [
   [
    1,
    74038513
   ]
  ],
  "pool": "0x9501a20bedb8bea0798fe5d4c411f5e270965d49",
  "protocol": "v3",
  "rows": 271175
 },
 "updated_at": "2026-09-29T23:36:06Z"
}
[23:36:06] WALLET: transfers DONE
[23:36:07] WALLET: pool 0x9501a20b (v3/WETH) resuming from 76,047,853
    0x9501a20b 100.0% block 76,055,505 logs 102 0s
[23:36:09] WALLET: pool 0x9501a20b DONE, 279,538 swaps
[23:36:09] WALLET: pool 0x89f2e48d (v4/USDG) resuming from 76,047,853
    0x89f2e48d 100.0% block 76,055,505 logs 26 5s
[23:36:15] WALLET: pool 0x89f2e48d DONE, 18,532 swaps
319,722 transactions moved this token
{
 "attributed": 251851,
 "attributed_multi_swap": 26015,
 "ambiguous_multi_swap": 5539,
 "no_transfers": 191,
 "no_counterparty": 14474
}
  attributed 93.2% of 298,070 swaps
  'recipient' matched the true holder on 32.9% of 277,866 comparable swaps
wrote /home/user/Public/data/tokens/0x0339f5459fc690ac85f1782e15782a151b4a9e1b/swaps_attributed.parquet
[23:36:22] WALLET: attributed DONE
298,070 trades -> /home/user/Public/data/tokens/0x0339f5459fc690ac85f1782e15782a151b4a9e1b/ledger.parquet
  20,204 (6.78%) had no attributed trader and carry a null
  33,263 distinct traders across the full history
  span 1,783,645,329 - 1,790,724,960
[23:36:29] WALLET: ledger DONE
[23:36:29] build finished
