head 76,493,633; 3,204 anchors held, 1 to fetch
3,205 anchors; worst error above block 4,000,000: 2s (below it: 0s, where the chain had not reached a steady block rate)
[11:51:57] build starting for WALLET (ETH $2,694.31)
[11:51:57] WALLET: transfers starting
head 76,493,652
transfers: scanning 76,483,828-76,493,652 (resuming)
  tr 100.0%  block 76,493,652  span 100,000  logs 351  0s
transfers: committed 76,483,828-76,493,652  +351 rows, 672,080 total
{
 "token": "0x0339f5459fc690ac85f1782e15782a151b4a9e1b",
 "transfers": {
  "ranges": [
   [
    1,
    76493652
   ]
  ],
  "rows": 672080
 },
 "swaps": {
  "ranges": [
   [
    1,
    74038513
   ]
  ],
  "pool": "0x9501a20bedb8bea0798fe5d4c411f5e270965d49",
  "protocol": "v3",
  "rows": 271175
 },
 "updated_at": "2026-09-30T11:52:10Z"
}
[11:52:10] WALLET: transfers DONE
[11:52:12] WALLET: pool 0x9501a20b (v3/WETH) resuming from 76,483,953
    0x9501a20b 100.0% block 76,493,788 logs 76 0s
[11:52:17] WALLET: pool 0x9501a20b DONE, 281,880 swaps
[11:52:17] WALLET: pool 0x89f2e48d (v4/USDG) resuming from 76,483,953
    0x89f2e48d 100.0% block 76,493,788 logs 11 0s
[11:52:18] WALLET: pool 0x89f2e48d DONE, 19,210 swaps
323,006 transactions moved this token
{
 "attributed": 253827,
 "attributed_multi_swap": 26787,
 "ambiguous_multi_swap": 5692,
 "no_transfers": 201,
 "no_counterparty": 14583
}
  attributed 93.2% of 301,090 swaps
  'recipient' matched the true holder on 32.9% of 280,614 comparable swaps
wrote /home/user/Public/data/tokens/0x0339f5459fc690ac85f1782e15782a151b4a9e1b/swaps_attributed.parquet
[11:52:29] WALLET: attributed DONE
301,090 trades -> /home/user/Public/data/tokens/0x0339f5459fc690ac85f1782e15782a151b4a9e1b/ledger.parquet
  20,476 (6.80%) had no attributed trader and carry a null
  33,455 distinct traders across the full history
  span 1,783,645,329 - 1,790,769,115
[11:52:35] WALLET: ledger DONE
[11:52:35] build finished
