head 76,043,768; 3,165 anchors held, 1 to fetch
3,166 anchors; worst error above block 4,000,000: 2s (below it: 0s, where the chain had not reached a steady block rate)
[23:16:31] build starting for WALLET (ETH $2,686.29)
[23:16:31] WALLET: transfers starting
head 76,043,782
transfers: scanning 76,036,833-76,043,782 (resuming)
  tr 100.0%  block 76,043,782  span 100,000  logs 561  0s
transfers: committed 76,036,833-76,043,782  +561 rows, 662,875 total
{
 "token": "0x0339f5459fc690ac85f1782e15782a151b4a9e1b",
 "transfers": {
  "ranges": [
   [
    1,
    76043782
   ]
  ],
  "rows": 662875
 },
 "swaps": {
  "ranges": [
   [
    1,
    74038513
   ]
  ],
  "pool": "0x9501a20bedb8bea0798fe5d4c411f5e270965d49",
  "protocol": "v3",
  "rows": 271175
 },
 "updated_at": "2026-09-29T23:16:39Z"
}
[23:16:39] WALLET: transfers DONE
[23:16:40] WALLET: pool 0x9501a20b (v3/WETH) resuming from 76,036,974
    0x9501a20b 100.0% block 76,043,870 logs 183 1s
[23:16:43] WALLET: pool 0x9501a20b DONE, 279,350 swaps
[23:16:43] WALLET: pool 0x89f2e48d (v4/USDG) resuming from 76,036,974
    0x89f2e48d 100.0% block 76,043,870 logs 46 0s
[23:16:43] WALLET: pool 0x89f2e48d DONE, 18,500 swaps
319,480 transactions moved this token
{
 "attributed": 251715,
 "attributed_multi_swap": 25983,
 "ambiguous_multi_swap": 5535,
 "no_transfers": 192,
 "no_counterparty": 14425
}
  attributed 93.2% of 297,850 swaps
  'recipient' matched the true holder on 32.9% of 277,698 comparable swaps
wrote /home/user/Public/data/tokens/0x0339f5459fc690ac85f1782e15782a151b4a9e1b/swaps_attributed.parquet
[23:16:53] WALLET: attributed DONE
297,850 trades -> /home/user/Public/data/tokens/0x0339f5459fc690ac85f1782e15782a151b4a9e1b/ledger.parquet
  20,152 (6.77%) had no attributed trader and carry a null
  33,256 distinct traders across the full history
  span 1,783,645,329 - 1,790,723,798
[23:17:01] WALLET: ledger DONE
[23:17:01] build finished
