head 74,405,818; 2,985 anchors held, 3 to fetch
2,988 anchors; worst error above block 4,000,000: 2s (below it: 0s, where the chain had not reached a steady block rate)
[01:31:54] build starting for WALLET (ETH $2,674.99)
[01:31:54] WALLET: transfers starting
head 74,405,840
transfers: scanning 74,070,421-74,405,840 (resuming)
  tr  29.8%  block 74,170,420  span 100,000  logs 647  0s
  tr  74.5%  block 74,320,420  span 150,000  logs 5,672  6s
  tr 100.0%  block 74,405,840  span 150,000  logs 8,020  12s
transfers: committed 74,070,421-74,405,840  +8,020 rows, 639,111 total
{
 "token": "0x0339f5459fc690ac85f1782e15782a151b4a9e1b",
 "transfers": {
  "ranges": [
   [
    1,
    74405840
   ]
  ],
  "rows": 639111
 },
 "swaps": {
  "ranges": [
   [
    1,
    74038513
   ]
  ],
  "pool": "0x9501a20bedb8bea0798fe5d4c411f5e270965d49",
  "protocol": "v3",
  "rows": 271175
 },
 "updated_at": "2026-09-28T01:32:13Z"
}
[01:32:13] WALLET: transfers DONE
[01:32:14] WALLET: pool 0x9501a20b (v3/WETH) resuming from 74,070,501
    0x9501a20b  29.8% block 74,170,500 logs 212 0s
    0x9501a20b  74.5% block 74,320,500 logs 1,722 6s
    0x9501a20b 100.0% block 74,406,033 logs 2,309 11s
[01:32:27] WALLET: pool 0x9501a20b DONE, 273,523 swaps
[01:32:27] WALLET: pool 0x89f2e48d (v4/USDG) resuming from 74,070,501
    0x89f2e48d  29.8% block 74,170,500 logs 29 16s
    0x89f2e48d  74.5% block 74,320,500 logs 339 16s
    0x89f2e48d 100.0% block 74,406,033 logs 478 21s
[01:32:49] WALLET: pool 0x89f2e48d DONE, 17,443 swaps
310,773 transactions moved this token
{
 "attributed": 246665,
 "attributed_multi_swap": 24732,
 "ambiguous_multi_swap": 5341,
 "no_transfers": 177,
 "no_counterparty": 14051
}
  attributed 93.3% of 290,966 swaps
  'recipient' matched the true holder on 33.3% of 271,397 comparable swaps
wrote /home/user/Public/data/tokens/0x0339f5459fc690ac85f1782e15782a151b4a9e1b/swaps_attributed.parquet
[01:32:55] WALLET: attributed DONE
290,966 trades -> /home/user/Public/data/tokens/0x0339f5459fc690ac85f1782e15782a151b4a9e1b/ledger.parquet
  19,569 (6.73%) had no attributed trader and carry a null
  32,450 distinct traders across the full history
  span 1,783,645,329 - 1,790,559,123
[01:33:00] WALLET: ledger DONE
[01:33:00] build finished
