head 76,272,187; 3,188 anchors held, 2 to fetch
3,190 anchors; worst error above block 4,000,000: 2s (below it: 0s, where the chain had not reached a steady block rate)
[05:39:46] build starting for WALLET (ETH $2,675.73)
[05:39:46] WALLET: transfers starting
head 76,272,207
transfers: scanning 76,240,895-76,272,207 (resuming)
  tr 100.0%  block 76,272,207  span 100,000  logs 266  0s
transfers: committed 76,240,895-76,272,207  +266 rows, 669,805 total
{
 "token": "0x0339f5459fc690ac85f1782e15782a151b4a9e1b",
 "transfers": {
  "ranges": [
   [
    1,
    76272207
   ]
  ],
  "rows": 669805
 },
 "swaps": {
  "ranges": [
   [
    1,
    74038513
   ]
  ],
  "pool": "0x9501a20bedb8bea0798fe5d4c411f5e270965d49",
  "protocol": "v3",
  "rows": 271175
 },
 "updated_at": "2026-09-30T05:39:57Z"
}
[05:39:57] WALLET: transfers DONE
[05:39:58] WALLET: pool 0x9501a20b (v3/WETH) resuming from 76,241,002
    0x9501a20b 100.0% block 76,272,322 logs 49 0s
[05:40:02] WALLET: pool 0x9501a20b DONE, 281,286 swaps
[05:40:02] WALLET: pool 0x89f2e48d (v4/USDG) resuming from 76,241,002
    0x89f2e48d 100.0% block 76,272,322 logs 11 0s
[05:40:03] WALLET: pool 0x89f2e48d DONE, 19,062 swaps
322,156 transactions moved this token
{
 "attributed": 253354,
 "attributed_multi_swap": 26565,
 "ambiguous_multi_swap": 5668,
 "no_transfers": 201,
 "no_counterparty": 14560
}
  attributed 93.2% of 300,348 swaps
  'recipient' matched the true holder on 32.9% of 279,919 comparable swaps
wrote /home/user/Public/data/tokens/0x0339f5459fc690ac85f1782e15782a151b4a9e1b/swaps_attributed.parquet
[05:40:12] WALLET: attributed DONE
300,348 trades -> /home/user/Public/data/tokens/0x0339f5459fc690ac85f1782e15782a151b4a9e1b/ledger.parquet
  20,429 (6.80%) had no attributed trader and carry a null
  33,403 distinct traders across the full history
  span 1,783,645,329 - 1,790,746,721
[05:40:18] WALLET: ledger DONE
[05:40:18] build finished
