head 78,228,421; 3,275 anchors held, 17 to fetch
3,292 anchors; worst error above block 4,000,000: 2s (below it: 0s, where the chain had not reached a steady block rate)
[12:24:06] build starting for WALLET (ETH $2,746.30)
[12:24:06] WALLET: transfers starting
head 78,228,491
transfers: scanning 77,822,765-78,228,491 (resuming)
  tr  24.6%  block 77,922,764  span 100,000  logs 772  0s
  tr  61.6%  block 78,072,764  span 150,000  logs 1,361  0s
  tr 100.0%  block 78,228,491  span 225,000  logs 2,266  0s
transfers: committed 77,822,765-78,228,491  +2,266 rows, 694,419 total
{
 "token": "0x0339f5459fc690ac85f1782e15782a151b4a9e1b",
 "transfers": {
  "ranges": [
   [
    1,
    78228491
   ]
  ],
  "rows": 694419
 },
 "swaps": {
  "ranges": [
   [
    1,
    74038513
   ]
  ],
  "pool": "0x9501a20bedb8bea0798fe5d4c411f5e270965d49",
  "protocol": "v3",
  "rows": 271175
 },
 "updated_at": "2026-10-02T12:24:24Z"
}
[12:24:24] WALLET: transfers DONE
[12:24:25] WALLET: pool 0x9501a20b (v3/WETH) resuming from 77,822,957
    0x9501a20b  24.6% block 77,922,956 logs 162 0s
    0x9501a20b  61.6% block 78,072,956 logs 291 0s
    0x9501a20b 100.0% block 78,228,671 logs 478 6s
[12:24:36] WALLET: pool 0x9501a20b DONE, 286,935 swaps
[12:24:36] WALLET: pool 0x89f2e48d (v4/USDG) resuming from 77,822,957
    0x89f2e48d  24.6% block 77,922,956 logs 35 1s
    0x89f2e48d  61.6% block 78,072,956 logs 64 3s
    0x89f2e48d 100.0% block 78,228,671 logs 103 4s
[12:24:41] WALLET: pool 0x89f2e48d DONE, 20,355 swaps
330,929 transactions moved this token
{
 "attributed": 257811,
 "attributed_multi_swap": 28482,
 "ambiguous_multi_swap": 5858,
 "no_transfers": 221,
 "no_counterparty": 14918
}
  attributed 93.2% of 307,290 swaps
  'recipient' matched the true holder on 32.6% of 286,293 comparable swaps
wrote /home/user/Public/data/tokens/0x0339f5459fc690ac85f1782e15782a151b4a9e1b/swaps_attributed.parquet
[12:24:51] WALLET: attributed DONE
307,290 trades -> /home/user/Public/data/tokens/0x0339f5459fc690ac85f1782e15782a151b4a9e1b/ledger.parquet
  20,997 (6.83%) had no attributed trader and carry a null
  33,864 distinct traders across the full history
  span 1,783,645,329 - 1,790,943,754
[12:24:56] WALLET: ledger DONE
[12:24:56] build finished
