head 76,629,037; 3,216 anchors held, 2 to fetch
3,218 anchors; worst error above block 4,000,000: 2s (below it: 0s, where the chain had not reached a steady block rate)
[15:38:39] build starting for WALLET (ETH $2,681.02)
[15:38:39] WALLET: transfers starting
head 76,629,062
transfers: scanning 76,604,641-76,629,062 (resuming)
  tr 100.0%  block 76,629,062  span 100,000  logs 652  0s
transfers: committed 76,604,641-76,629,062  +652 rows, 676,045 total
{
 "token": "0x0339f5459fc690ac85f1782e15782a151b4a9e1b",
 "transfers": {
  "ranges": [
   [
    1,
    76629062
   ]
  ],
  "rows": 676045
 },
 "swaps": {
  "ranges": [
   [
    1,
    74038513
   ]
  ],
  "pool": "0x9501a20bedb8bea0798fe5d4c411f5e270965d49",
  "protocol": "v3",
  "rows": 271175
 },
 "updated_at": "2026-09-30T15:38:53Z"
}
[15:38:54] WALLET: transfers DONE
[15:38:55] WALLET: pool 0x9501a20b (v3/WETH) resuming from 76,604,811
    0x9501a20b 100.0% block 76,629,196 logs 130 0s
[15:39:00] WALLET: pool 0x9501a20b DONE, 282,794 swaps
[15:39:00] WALLET: pool 0x89f2e48d (v4/USDG) resuming from 76,604,811
    0x89f2e48d 100.0% block 76,629,196 logs 31 0s
[15:39:00] WALLET: pool 0x89f2e48d DONE, 19,490 swaps
324,350 transactions moved this token
{
 "attributed": 254526,
 "attributed_multi_swap": 27189,
 "ambiguous_multi_swap": 5720,
 "no_transfers": 210,
 "no_counterparty": 14639
}
  attributed 93.2% of 302,284 swaps
  'recipient' matched the true holder on 32.8% of 281,715 comparable swaps
wrote /home/user/Public/data/tokens/0x0339f5459fc690ac85f1782e15782a151b4a9e1b/swaps_attributed.parquet
[15:39:10] WALLET: attributed DONE
302,284 trades -> /home/user/Public/data/tokens/0x0339f5459fc690ac85f1782e15782a151b4a9e1b/ledger.parquet
  20,569 (6.80%) had no attributed trader and carry a null
  33,524 distinct traders across the full history
  span 1,783,645,329 - 1,790,782,726
[15:39:17] WALLET: ledger DONE
[15:39:17] build finished
