head 75,221,095; 3,091 anchors held, 1 to fetch
3,092 anchors; worst error above block 4,000,000: 2s (below it: 0s, where the chain had not reached a steady block rate)
[00:17:40] build starting for WALLET (ETH $2,685.29)
[00:17:40] WALLET: transfers starting
head 75,221,112
transfers: scanning 75,201,780-75,221,112 (resuming)
  tr 100.0%  block 75,221,112  span 100,000  logs 272  5s
transfers: committed 75,201,780-75,221,112  +272 rows, 651,776 total
{
 "token": "0x0339f5459fc690ac85f1782e15782a151b4a9e1b",
 "transfers": {
  "ranges": [
   [
    1,
    75221112
   ]
  ],
  "rows": 651776
 },
 "swaps": {
  "ranges": [
   [
    1,
    74038513
   ]
  ],
  "pool": "0x9501a20bedb8bea0798fe5d4c411f5e270965d49",
  "protocol": "v3",
  "rows": 271175
 },
 "updated_at": "2026-09-29T00:17:56Z"
}
[00:17:56] WALLET: transfers DONE
[00:17:57] WALLET: pool 0x9501a20b (v3/WETH) resuming from 75,201,887
    0x9501a20b 100.0% block 75,221,284 logs 53 0s
[00:18:01] WALLET: pool 0x9501a20b DONE, 276,569 swaps
[00:18:01] WALLET: pool 0x89f2e48d (v4/USDG) resuming from 75,201,887
    0x89f2e48d 100.0% block 75,221,284 logs 5 0s
[00:18:02] WALLET: pool 0x89f2e48d DONE, 17,950 swaps
315,403 transactions moved this token
{
 "attributed": 249405,
 "attributed_multi_swap": 25267,
 "ambiguous_multi_swap": 5405,
 "no_transfers": 184,
 "no_counterparty": 14258
}
  attributed 93.3% of 294,519 swaps
  'recipient' matched the true holder on 33.1% of 274,672 comparable swaps
wrote /home/user/Public/data/tokens/0x0339f5459fc690ac85f1782e15782a151b4a9e1b/swaps_attributed.parquet
[00:18:11] WALLET: attributed DONE
294,519 trades -> /home/user/Public/data/tokens/0x0339f5459fc690ac85f1782e15782a151b4a9e1b/ledger.parquet
  19,847 (6.74%) had no attributed trader and carry a null
  32,984 distinct traders across the full history
  span 1,783,645,329 - 1,790,641,049
[00:18:18] WALLET: ledger DONE
[00:18:18] build finished
