head 76,245,876; 3,186 anchors held, 2 to fetch
3,188 anchors; worst error above block 4,000,000: 2s (below it: 0s, where the chain had not reached a steady block rate)
[04:55:35] build starting for WALLET (ETH $2,669.26)
[04:55:35] WALLET: transfers starting
head 76,245,894
transfers: scanning 76,201,423-76,245,894 (resuming)
  tr 100.0%  block 76,245,894  span 100,000  logs 420  0s
transfers: committed 76,201,423-76,245,894  +420 rows, 669,570 total
{
 "token": "0x0339f5459fc690ac85f1782e15782a151b4a9e1b",
 "transfers": {
  "ranges": [
   [
    1,
    76245894
   ]
  ],
  "rows": 669570
 },
 "swaps": {
  "ranges": [
   [
    1,
    74038513
   ]
  ],
  "pool": "0x9501a20bedb8bea0798fe5d4c411f5e270965d49",
  "protocol": "v3",
  "rows": 271175
 },
 "updated_at": "2026-09-30T04:55:45Z"
}
[04:55:46] WALLET: transfers DONE
[04:55:46] WALLET: pool 0x9501a20b (v3/WETH) resuming from 76,201,533
    0x9501a20b 100.0% block 76,246,001 logs 91 0s
[04:55:51] WALLET: pool 0x9501a20b DONE, 281,242 swaps
[04:55:51] WALLET: pool 0x89f2e48d (v4/USDG) resuming from 76,201,533
    0x89f2e48d 100.0% block 76,246,001 logs 15 0s
[04:55:51] WALLET: pool 0x89f2e48d DONE, 19,051 swaps
322,084 transactions moved this token
{
 "attributed": 253317,
 "attributed_multi_swap": 26549,
 "ambiguous_multi_swap": 5668,
 "no_transfers": 202,
 "no_counterparty": 14557
}
  attributed 93.2% of 300,293 swaps
  'recipient' matched the true holder on 32.9% of 279,866 comparable swaps
wrote /home/user/Public/data/tokens/0x0339f5459fc690ac85f1782e15782a151b4a9e1b/swaps_attributed.parquet
[04:56:00] WALLET: attributed DONE
300,293 trades -> /home/user/Public/data/tokens/0x0339f5459fc690ac85f1782e15782a151b4a9e1b/ledger.parquet
  20,427 (6.80%) had no attributed trader and carry a null
  33,398 distinct traders across the full history
  span 1,783,645,329 - 1,790,744,141
[04:56:05] WALLET: ledger DONE
[04:56:05] build finished
