head 78,357,825; 3,292 anchors held, 6 to fetch
3,298 anchors; worst error above block 4,000,000: 2s (below it: 0s, where the chain had not reached a steady block rate)
[16:01:01] build starting for WALLET (ETH $2,695.85)
[16:01:01] WALLET: transfers starting
head 78,357,855
transfers: scanning 78,223,492-78,357,855 (resuming)
  tr  74.4%  block 78,323,491  span 100,000  logs 779  1s
  tr 100.0%  block 78,357,855  span 150,000  logs 1,162  2s
transfers: committed 78,223,492-78,357,855  +1,162 rows, 695,541 total
{
 "token": "0x0339f5459fc690ac85f1782e15782a151b4a9e1b",
 "transfers": {
  "ranges": [
   [
    1,
    78357855
   ]
  ],
  "rows": 695541
 },
 "swaps": {
  "ranges": [
   [
    1,
    74038513
   ]
  ],
  "pool": "0x9501a20bedb8bea0798fe5d4c411f5e270965d49",
  "protocol": "v3",
  "rows": 271175
 },
 "updated_at": "2026-10-02T16:01:17Z"
}
[16:01:17] WALLET: transfers DONE
[16:01:18] WALLET: pool 0x9501a20b (v3/WETH) resuming from 78,223,672
    0x9501a20b  74.4% block 78,323,671 logs 177 0s
    0x9501a20b 100.0% block 78,358,006 logs 218 0s
[16:01:24] WALLET: pool 0x9501a20b DONE, 287,142 swaps
[16:01:24] WALLET: pool 0x89f2e48d (v4/USDG) resuming from 78,223,672
    0x89f2e48d  74.4% block 78,323,671 logs 14 1s
    0x89f2e48d 100.0% block 78,358,006 logs 39 3s
[16:01:28] WALLET: pool 0x89f2e48d DONE, 20,394 swaps
331,287 transactions moved this token
{
 "attributed": 258000,
 "attributed_multi_swap": 28533,
 "ambiguous_multi_swap": 5860,
 "no_transfers": 222,
 "no_counterparty": 14921
}
  attributed 93.2% of 307,536 swaps
  'recipient' matched the true holder on 32.6% of 286,533 comparable swaps
wrote /home/user/Public/data/tokens/0x0339f5459fc690ac85f1782e15782a151b4a9e1b/swaps_attributed.parquet
[16:01:37] WALLET: attributed DONE
307,536 trades -> /home/user/Public/data/tokens/0x0339f5459fc690ac85f1782e15782a151b4a9e1b/ledger.parquet
  21,003 (6.83%) had no attributed trader and carry a null
  33,874 distinct traders across the full history
  span 1,783,645,329 - 1,790,956,863
[16:01:42] WALLET: ledger DONE
[16:01:42] build finished
